I.8.2      sigma=0.00 deg=2 srgb=  0.27s null=  0.03s st=  0.43s (mean over 30 seeds, elapsed 25s)
I.8.2      sigma=0.02 deg=2 srgb=  1.64s null=  0.03s st=  0.47s (mean over 30 seeds, elapsed 93s)
I.8.2      sigma=0.05 deg=2 srgb=  1.30s null=  0.14s st=  0.53s (mean over 30 seeds, elapsed 156s)
I.9.18     sigma=0.00 deg=2 srgb=  0.07s null=  0.01s st=  0.13s (mean over 30 seeds, elapsed 164s)
I.9.18     sigma=0.02 deg=2 srgb=  0.11s null=  0.01s st=  0.10s (mean over 30 seeds, elapsed 173s)
I.9.18     sigma=0.05 deg=2 srgb=  0.16s null=  0.36s st=  0.12s (mean over 30 seeds, elapsed 194s)
I.12.1     sigma=0.00 deg=2 srgb=  0.05s null=  0.01s st=  0.08s (mean over 30 seeds, elapsed 199s)
I.12.1     sigma=0.02 deg=2 srgb=  0.07s null=  0.01s st=  0.13s (mean over 30 seeds, elapsed 205s)
I.12.1     sigma=0.05 deg=2 srgb=  0.05s null=  0.26s st=  0.10s (mean over 30 seeds, elapsed 218s)
I.12.2     sigma=0.00 deg=2 srgb=  0.10s null=  0.01s st=  0.42s (mean over 30 seeds, elapsed 235s)
I.12.2     sigma=0.02 deg=2 srgb=  0.23s null=  0.03s st=  0.50s (mean over 30 seeds, elapsed 258s)
I.12.2     sigma=0.05 deg=2 srgb=  1.02s null=  0.04s st=  0.56s (mean over 30 seeds, elapsed 308s)
I.13.1     sigma=0.00 deg=2 srgb=  0.05s null=  0.01s st=  0.08s (mean over 30 seeds, elapsed 312s)
I.13.1     sigma=0.02 deg=2 srgb=  0.08s null=  0.02s st=  0.15s (mean over 30 seeds, elapsed 320s)
I.13.1     sigma=0.05 deg=2 srgb=  0.06s null=  0.01s st=  0.09s (mean over 30 seeds, elapsed 325s)
I.15.10    sigma=0.00 deg=2 srgb=  0.07s null=  0.01s st=  0.15s (mean over 30 seeds, elapsed 333s)
I.15.10    sigma=0.02 deg=2 srgb=  0.06s null=  0.01s st=  0.10s (mean over 30 seeds, elapsed 338s)
I.15.10    sigma=0.05 deg=2 srgb=  0.07s null=  0.32s st=  0.12s (mean over 30 seeds, elapsed 354s)
I.18.4     sigma=0.00 deg=2 srgb=  0.10s null=  0.02s st=  0.35s (mean over 30 seeds, elapsed 369s)
I.18.4     sigma=0.02 deg=2 srgb=  0.11s null=  0.02s st=  0.39s (mean over 30 seeds, elapsed 386s)
I.18.4     sigma=0.05 deg=2 srgb=  0.09s null=  0.03s st=  0.38s (mean over 30 seeds, elapsed 402s)
I.34.1     sigma=0.00 deg=2 srgb=  0.05s null=  0.01s st=  0.07s (mean over 30 seeds, elapsed 406s)
I.34.1     sigma=0.02 deg=2 srgb=  0.08s null=  0.02s st=  0.15s (mean over 30 seeds, elapsed 414s)
I.34.1     sigma=0.05 deg=2 srgb=  0.06s null=  0.01s st=  0.09s (mean over 30 seeds, elapsed 420s)
I.34.8     sigma=0.00 deg=2 srgb=  0.05s null=  0.01s st=  0.10s (mean over 30 seeds, elapsed 425s)
I.34.8     sigma=0.02 deg=2 srgb=  0.62s null=  0.19s st=  0.14s (mean over 30 seeds, elapsed 454s)
I.34.8     sigma=0.05 deg=2 srgb=  1.02s null=  0.21s st=  0.16s (mean over 30 seeds, elapsed 496s)
I.34.14    sigma=0.00 deg=2 srgb=  0.08s null=  0.01s st=  0.24s (mean over 30 seeds, elapsed 507s)
I.34.14    sigma=0.02 deg=2 srgb=  0.07s null=  0.01s st=  0.17s (mean over 30 seeds, elapsed 515s)
I.34.14    sigma=0.05 deg=2 srgb=  0.08s null=  0.02s st=  0.24s (mean over 30 seeds, elapsed 526s)
I.16.6     sigma=0.00 deg=2 srgb=  0.07s null=  0.01s st=  0.14s (mean over 30 seeds, elapsed 534s)
I.16.6     sigma=0.02 deg=2 srgb=  0.12s null=  0.02s st=  0.23s (mean over 30 seeds, elapsed 547s)
I.16.6     sigma=0.05 deg=2 srgb=  0.21s null=  0.30s st=  0.28s (mean over 30 seeds, elapsed 572s)
II.11.28   sigma=0.00 deg=2 srgb=  0.06s null=  0.01s st=  0.19s (mean over 30 seeds, elapsed 580s)
II.11.28   sigma=0.02 deg=2 srgb=  0.96s null=  0.83s st=  0.25s (mean over 30 seeds, elapsed 642s)
II.11.28   sigma=0.05 deg=2 srgb=  2.79s null=  0.81s st=  0.27s (mean over 30 seeds, elapsed 759s)
I.34.27    sigma=0.00 deg=2 srgb=  0.05s null=  0.01s st=  0.09s (mean over 30 seeds, elapsed 764s)
I.34.27    sigma=0.02 deg=2 srgb=  0.16s null=  0.20s st=  0.12s (mean over 30 seeds, elapsed 779s)
I.34.27    sigma=0.05 deg=2 srgb=  0.12s null=  0.55s st=  0.11s (mean over 30 seeds, elapsed 803s)
I.41.16    sigma=0.00 deg=2 srgb=  0.06s null=  0.01s st=  0.09s (mean over 30 seeds, elapsed 808s)
I.41.16    sigma=0.02 deg=2 srgb=  0.15s null=  0.20s st=  0.12s (mean over 30 seeds, elapsed 822s)
I.41.16    sigma=0.05 deg=2 srgb=  0.11s null=  0.48s st=  0.10s (mean over 30 seeds, elapsed 844s)
I.12.3     sigma=0.00 deg=3 srgb=  0.14s null=  0.04s st=  3.96s (mean over 30 seeds, elapsed 968s)
I.12.3     sigma=0.02 deg=3 srgb=  3.18s null=  0.09s st=  3.65s (mean over 30 seeds, elapsed 1177s)
I.12.3     sigma=0.05 deg=3 srgb=  4.42s null=  0.12s st=  3.22s (mean over 30 seeds, elapsed 1410s)
I.12.4     sigma=0.00 deg=3 srgb=  0.13s null=  0.03s st=  1.30s (mean over 30 seeds, elapsed 1455s)
I.12.4     sigma=0.02 deg=3 srgb=  2.37s null=  0.04s st=  1.51s (mean over 30 seeds, elapsed 1573s)
I.12.4     sigma=0.05 deg=3 srgb=  1.91s null=  0.04s st=  1.34s (mean over 30 seeds, elapsed 1672s)
I.12.5     sigma=0.00 deg=3 srgb=  0.09s null=  0.03s st=  1.03s (mean over 30 seeds, elapsed 1707s)
I.12.5     sigma=0.02 deg=3 srgb=  0.56s null=  0.59s st=  1.06s (mean over 30 seeds, elapsed 1774s)
I.12.5     sigma=0.05 deg=3 srgb=  3.22s null=  0.48s st=  1.16s (mean over 30 seeds, elapsed 1920s)
I.13.4     sigma=0.00 deg=3 srgb=  0.21s null=  0.01s st=  0.38s (mean over 30 seeds, elapsed 1939s)
I.13.4     sigma=0.02 deg=3 srgb=  3.38s null=  0.02s st=  0.51s (mean over 30 seeds, elapsed 2056s)
I.13.4     sigma=0.05 deg=3 srgb=  3.60s null=  0.27s st=  0.47s (mean over 30 seeds, elapsed 2187s)
I.13.12    sigma=0.00 deg=3 srgb=  0.17s null=  0.02s st=  0.35s (mean over 30 seeds, elapsed 2204s)
I.13.12    sigma=0.02 deg=3 srgb=  3.29s null=  0.03s st=  0.51s (mean over 30 seeds, elapsed 2319s)
I.13.12    sigma=0.05 deg=3 srgb=  3.50s null=  0.33s st=  0.45s (mean over 30 seeds, elapsed 2448s)
I.14.3     sigma=0.00 deg=3 srgb=  0.10s null=  0.04s st=  1.00s (mean over 30 seeds, elapsed 2483s)
I.14.3     sigma=0.02 deg=3 srgb=  2.38s null=  2.00s st=  1.23s (mean over 30 seeds, elapsed 2652s)
I.14.3     sigma=0.05 deg=3 srgb=  2.45s null=  1.70s st=  1.03s (mean over 30 seeds, elapsed 2807s)
I.15.1     sigma=0.00 deg=3 srgb=  0.23s null=  0.05s st=  1.29s (mean over 30 seeds, elapsed 2855s)
I.15.1     sigma=0.02 deg=3 srgb= 20.12s null=  0.87s st=  1.67s (mean over 30 seeds, elapsed 3537s)
I.15.1     sigma=0.05 deg=3 srgb=  2.27s null=  0.22s st=  1.40s (mean over 30 seeds, elapsed 3655s)
I.26.2     sigma=0.00 deg=3 srgb=  0.10s null=  0.03s st=  1.47s (mean over 30 seeds, elapsed 3703s)
I.26.2     sigma=0.02 deg=3 srgb=  4.42s null=  0.05s st=  1.59s (mean over 30 seeds, elapsed 3886s)
I.26.2     sigma=0.05 deg=3 srgb=  2.95s null=  0.05s st=  1.62s (mean over 30 seeds, elapsed 4026s)
I.34.10    sigma=0.00 deg=3 srgb=  0.12s null=  0.03s st=  5.28s (mean over 30 seeds, elapsed 4189s)
I.34.10    sigma=0.02 deg=3 srgb=  5.08s null=  3.31s st=  5.65s (mean over 30 seeds, elapsed 4611s)
I.34.10    sigma=0.05 deg=3 srgb=  3.46s null=  3.17s st=  4.98s (mean over 30 seeds, elapsed 4960s)
I.6.2b     sigma=0.00 deg=3 srgb=  0.17s null=  0.01s st=  0.11s (mean over 30 seeds, elapsed 4971s)
I.6.2b     sigma=0.02 deg=3 srgb=  2.28s null=  0.02s st=  0.18s (mean over 30 seeds, elapsed 5048s)
I.6.2b     sigma=0.05 deg=3 srgb=  0.93s null=  0.01s st=  0.13s (mean over 30 seeds, elapsed 5083s)
II.11.27   sigma=0.00 deg=3 srgb=  0.14s null=  0.04s st=  4.07s (mean over 30 seeds, elapsed 5211s)
II.11.27   sigma=0.02 deg=3 srgb= 12.09s null=  0.10s st=  3.19s (mean over 30 seeds, elapsed 5674s)
II.11.27   sigma=0.05 deg=3 srgb=  7.43s null=  0.10s st=  4.47s (mean over 30 seeds, elapsed 6035s)
I.43.31    sigma=0.00 deg=3 srgb=  0.09s null=  0.04s st=  1.36s (mean over 30 seeds, elapsed 6080s)
I.43.31    sigma=0.02 deg=3 srgb=  2.91s null=  2.13s st=  1.35s (mean over 30 seeds, elapsed 6272s)
I.43.31    sigma=0.05 deg=3 srgb=  2.25s null=  1.90s st=  1.21s (mean over 30 seeds, elapsed 6434s)

======================================================================
30-seed per-cell-mean total wall time: 212.1s (3.5 min)
Full 30-seed run wall time: 6362.8s (1.77 h)

Baseline-cost ratios (relative to the whole SR-GB+CSNP pipeline):
  aggregate SINDy-ST / SR-GB+CSNP : 0.64x
  aggregate KRONIC   / SR-GB+CSNP : 0.20x
  per-cell median SINDy-ST / SR-GB+CSNP : 1.39x
  per-cell worst  SINDy-ST / SR-GB+CSNP : 44.0x (I.34.10 sigma=0.0)

Saved Results/feynman_timing_probe.csv (per-cell means) and Results/feynman_timing_probe_full.csv (per-seed).
