
Runtime breakdown (seconds, mean over 3 runs)
                        problem  M  d    N  library_build  phi_eval     svd  csnp_or_l1  snap_round  groebner   total
4-sphere degree-3 (L1 fallback) 35  5 5000        0.00108   0.00374 0.01292     0.49482     0.00119   0.00246 0.51622
          Circle (d=1, no CSNP)  6  1 5000        0.00032   0.00035 0.00141     0.00000     0.00075   0.02191 0.02474
    MuJoCo q1=q2 (d=1, no CSNP)  3  1 5000        0.00013   0.00012 0.00056     0.00000     0.00053   0.00139 0.00273


── 4-sphere degree-3 (L1 fallback) (M=35, d=5) ──
  library_build     : 0.00108s  (0.2%)
  phi_eval          : 0.00374s  (0.7%)
  svd               : 0.01292s  (2.5%)
  csnp_or_l1        : 0.49482s  (95.9%)
  snap_round        : 0.00119s  (0.2%)
  groebner          : 0.00246s  (0.5%)
  TOTAL             : 0.51622s

── Circle (d=1, no CSNP) (M=6, d=1) ──
  library_build     : 0.00032s  (1.3%)
  phi_eval          : 0.00035s  (1.4%)
  svd               : 0.00141s  (5.7%)
  csnp_or_l1        : 0.00000s  (0.0%)
  snap_round        : 0.00075s  (3.0%)
  groebner          : 0.02191s  (88.6%)
  TOTAL             : 0.02474s

── MuJoCo q1=q2 (d=1, no CSNP) (M=3, d=1) ──
  library_build     : 0.00013s  (4.9%)
  phi_eval          : 0.00012s  (4.5%)
  svd               : 0.00056s  (20.4%)
  csnp_or_l1        : 0.00000s  (0.0%)
  snap_round        : 0.00053s  (19.5%)
  groebner          : 0.00139s  (50.7%)
  TOTAL             : 0.00273s
