circle               sigma=0.0   seed=0 |G|=  1 avi_contains_true=True srgb_exact=True t=0.007s
circle               sigma=0.0   seed=1 |G|=  1 avi_contains_true=True srgb_exact=True t=0.005s
circle               sigma=0.0   seed=2 |G|=  1 avi_contains_true=True srgb_exact=True t=0.005s
circle               sigma=0.0   seed=3 |G|=  1 avi_contains_true=True srgb_exact=True t=0.005s
circle               sigma=0.0   seed=4 |G|=  1 avi_contains_true=True srgb_exact=True t=0.011s
circle               sigma=0.0   seed=5 |G|=  1 avi_contains_true=True srgb_exact=True t=0.005s
circle               sigma=0.0   seed=6 |G|=  1 avi_contains_true=True srgb_exact=True t=0.005s
circle               sigma=0.0   seed=7 |G|=  1 avi_contains_true=True srgb_exact=True t=0.011s
circle               sigma=0.0   seed=8 |G|=  1 avi_contains_true=True srgb_exact=True t=0.007s
circle               sigma=0.0   seed=9 |G|=  1 avi_contains_true=True srgb_exact=True t=0.005s
circle               sigma=0.0   seed=10 |G|=  1 avi_contains_true=True srgb_exact=True t=0.008s
circle               sigma=0.0   seed=11 |G|=  1 avi_contains_true=True srgb_exact=True t=0.005s
circle               sigma=0.0   seed=12 |G|=  1 avi_contains_true=True srgb_exact=True t=0.005s
circle               sigma=0.0   seed=13 |G|=  1 avi_contains_true=True srgb_exact=True t=0.005s
circle               sigma=0.0   seed=14 |G|=  1 avi_contains_true=True srgb_exact=True t=0.005s
circle               sigma=0.0   seed=15 |G|=  1 avi_contains_true=True srgb_exact=True t=0.004s
circle               sigma=0.0   seed=16 |G|=  1 avi_contains_true=True srgb_exact=True t=0.004s
circle               sigma=0.0   seed=17 |G|=  1 avi_contains_true=True srgb_exact=True t=0.005s
circle               sigma=0.0   seed=18 |G|=  1 avi_contains_true=True srgb_exact=True t=0.004s
circle               sigma=0.0   seed=19 |G|=  1 avi_contains_true=True srgb_exact=True t=0.005s
circle               sigma=0.0   seed=20 |G|=  1 avi_contains_true=True srgb_exact=True t=0.005s
circle               sigma=0.0   seed=21 |G|=  1 avi_contains_true=True srgb_exact=True t=0.005s
circle               sigma=0.0   seed=22 |G|=  1 avi_contains_true=True srgb_exact=True t=0.006s
circle               sigma=0.0   seed=23 |G|=  1 avi_contains_true=True srgb_exact=True t=0.004s
circle               sigma=0.0   seed=24 |G|=  1 avi_contains_true=True srgb_exact=True t=0.011s
circle               sigma=0.0   seed=25 |G|=  1 avi_contains_true=True srgb_exact=True t=0.009s
circle               sigma=0.0   seed=26 |G|=  1 avi_contains_true=True srgb_exact=True t=0.005s
circle               sigma=0.0   seed=27 |G|=  1 avi_contains_true=True srgb_exact=True t=0.005s
circle               sigma=0.0   seed=28 |G|=  1 avi_contains_true=True srgb_exact=True t=0.009s
circle               sigma=0.0   seed=29 |G|=  1 avi_contains_true=True srgb_exact=True t=0.005s
circle               sigma=0.01  seed=0 |G|=  1 avi_contains_true=True srgb_exact=True t=0.005s
circle               sigma=0.01  seed=1 |G|=  1 avi_contains_true=True srgb_exact=True t=0.009s
circle               sigma=0.01  seed=2 |G|=  1 avi_contains_true=True srgb_exact=True t=0.009s
circle               sigma=0.01  seed=3 |G|=  1 avi_contains_true=True srgb_exact=True t=0.006s
circle               sigma=0.01  seed=4 |G|=  1 avi_contains_true=True srgb_exact=True t=0.005s
circle               sigma=0.01  seed=5 |G|=  1 avi_contains_true=True srgb_exact=True t=0.005s
circle               sigma=0.01  seed=6 |G|=  1 avi_contains_true=True srgb_exact=True t=0.005s
circle               sigma=0.01  seed=7 |G|=  1 avi_contains_true=True srgb_exact=True t=0.006s
circle               sigma=0.01  seed=8 |G|=  1 avi_contains_true=True srgb_exact=True t=0.005s
circle               sigma=0.01  seed=9 |G|=  1 avi_contains_true=True srgb_exact=True t=0.004s
circle               sigma=0.01  seed=10 |G|=  1 avi_contains_true=True srgb_exact=True t=0.005s
circle               sigma=0.01  seed=11 |G|=  1 avi_contains_true=True srgb_exact=True t=0.004s
circle               sigma=0.01  seed=12 |G|=  1 avi_contains_true=True srgb_exact=True t=0.004s
circle               sigma=0.01  seed=13 |G|=  1 avi_contains_true=True srgb_exact=True t=0.005s
circle               sigma=0.01  seed=14 |G|=  1 avi_contains_true=True srgb_exact=True t=0.004s
circle               sigma=0.01  seed=15 |G|=  1 avi_contains_true=True srgb_exact=True t=0.004s
circle               sigma=0.01  seed=16 |G|=  1 avi_contains_true=True srgb_exact=True t=0.005s
circle               sigma=0.01  seed=17 |G|=  1 avi_contains_true=True srgb_exact=True t=0.004s
circle               sigma=0.01  seed=18 |G|=  1 avi_contains_true=True srgb_exact=True t=0.004s
circle               sigma=0.01  seed=19 |G|=  1 avi_contains_true=True srgb_exact=True t=0.005s
circle               sigma=0.01  seed=20 |G|=  1 avi_contains_true=True srgb_exact=True t=0.004s
circle               sigma=0.01  seed=21 |G|=  1 avi_contains_true=True srgb_exact=True t=0.006s
circle               sigma=0.01  seed=22 |G|=  1 avi_contains_true=True srgb_exact=True t=0.005s
circle               sigma=0.01  seed=23 |G|=  1 avi_contains_true=True srgb_exact=True t=0.005s
circle               sigma=0.01  seed=24 |G|=  1 avi_contains_true=True srgb_exact=True t=0.005s
circle               sigma=0.01  seed=25 |G|=  1 avi_contains_true=True srgb_exact=True t=0.004s
circle               sigma=0.01  seed=26 |G|=  1 avi_contains_true=True srgb_exact=True t=0.005s
circle               sigma=0.01  seed=27 |G|=  1 avi_contains_true=True srgb_exact=True t=0.004s
circle               sigma=0.01  seed=28 |G|=  1 avi_contains_true=True srgb_exact=True t=0.004s
circle               sigma=0.01  seed=29 |G|=  1 avi_contains_true=True srgb_exact=True t=0.004s
circle               sigma=0.02  seed=0 |G|=  1 avi_contains_true=True srgb_exact=True t=0.005s
circle               sigma=0.02  seed=1 |G|=  1 avi_contains_true=True srgb_exact=True t=0.004s
circle               sigma=0.02  seed=2 |G|=  1 avi_contains_true=True srgb_exact=True t=0.005s
circle               sigma=0.02  seed=3 |G|=  1 avi_contains_true=True srgb_exact=True t=0.005s
circle               sigma=0.02  seed=4 |G|=  1 avi_contains_true=True srgb_exact=True t=0.004s
circle               sigma=0.02  seed=5 |G|=  1 avi_contains_true=True srgb_exact=True t=0.004s
circle               sigma=0.02  seed=6 |G|=  1 avi_contains_true=True srgb_exact=True t=0.005s
circle               sigma=0.02  seed=7 |G|=  1 avi_contains_true=True srgb_exact=True t=0.005s
circle               sigma=0.02  seed=8 |G|=  1 avi_contains_true=True srgb_exact=True t=0.004s
circle               sigma=0.02  seed=9 |G|=  1 avi_contains_true=True srgb_exact=True t=0.010s
circle               sigma=0.02  seed=10 |G|=  1 avi_contains_true=True srgb_exact=True t=0.005s
circle               sigma=0.02  seed=11 |G|=  1 avi_contains_true=True srgb_exact=True t=0.005s
circle               sigma=0.02  seed=12 |G|=  1 avi_contains_true=True srgb_exact=True t=0.005s
circle               sigma=0.02  seed=13 |G|=  1 avi_contains_true=True srgb_exact=True t=0.005s
circle               sigma=0.02  seed=14 |G|=  1 avi_contains_true=True srgb_exact=True t=0.005s
circle               sigma=0.02  seed=15 |G|=  1 avi_contains_true=True srgb_exact=True t=0.005s
circle               sigma=0.02  seed=16 |G|=  1 avi_contains_true=True srgb_exact=True t=0.005s
circle               sigma=0.02  seed=17 |G|=  1 avi_contains_true=True srgb_exact=True t=0.005s
circle               sigma=0.02  seed=18 |G|=  1 avi_contains_true=True srgb_exact=True t=0.015s
circle               sigma=0.02  seed=19 |G|=  1 avi_contains_true=True srgb_exact=True t=0.013s
circle               sigma=0.02  seed=20 |G|=  1 avi_contains_true=True srgb_exact=True t=0.005s
circle               sigma=0.02  seed=21 |G|=  1 avi_contains_true=True srgb_exact=True t=0.005s
circle               sigma=0.02  seed=22 |G|=  1 avi_contains_true=True srgb_exact=True t=0.004s
circle               sigma=0.02  seed=23 |G|=  1 avi_contains_true=True srgb_exact=True t=0.005s
circle               sigma=0.02  seed=24 |G|=  1 avi_contains_true=True srgb_exact=True t=0.005s
circle               sigma=0.02  seed=25 |G|=  1 avi_contains_true=True srgb_exact=True t=0.006s
circle               sigma=0.02  seed=26 |G|=  1 avi_contains_true=True srgb_exact=True t=0.005s
circle               sigma=0.02  seed=27 |G|=  1 avi_contains_true=True srgb_exact=True t=0.006s
circle               sigma=0.02  seed=28 |G|=  1 avi_contains_true=True srgb_exact=True t=0.005s
circle               sigma=0.02  seed=29 |G|=  1 avi_contains_true=True srgb_exact=True t=0.005s
sphere               sigma=0.0   seed=0 |G|=  1 avi_contains_true=True srgb_exact=True t=0.035s
sphere               sigma=0.0   seed=1 |G|=  1 avi_contains_true=True srgb_exact=True t=0.012s
sphere               sigma=0.0   seed=2 |G|=  1 avi_contains_true=True srgb_exact=True t=0.049s
sphere               sigma=0.0   seed=3 |G|=  1 avi_contains_true=True srgb_exact=True t=0.018s
sphere               sigma=0.0   seed=4 |G|=  1 avi_contains_true=True srgb_exact=True t=0.010s
sphere               sigma=0.0   seed=5 |G|=  1 avi_contains_true=True srgb_exact=True t=0.012s
sphere               sigma=0.0   seed=6 |G|=  1 avi_contains_true=True srgb_exact=True t=0.047s
sphere               sigma=0.0   seed=7 |G|=  1 avi_contains_true=True srgb_exact=True t=0.008s
sphere               sigma=0.0   seed=8 |G|=  1 avi_contains_true=True srgb_exact=True t=0.035s
sphere               sigma=0.0   seed=9 |G|=  1 avi_contains_true=True srgb_exact=True t=0.013s
sphere               sigma=0.0   seed=10 |G|=  1 avi_contains_true=True srgb_exact=True t=0.011s
sphere               sigma=0.0   seed=11 |G|=  1 avi_contains_true=True srgb_exact=True t=0.013s
sphere               sigma=0.0   seed=12 |G|=  1 avi_contains_true=True srgb_exact=True t=0.013s
sphere               sigma=0.0   seed=13 |G|=  1 avi_contains_true=True srgb_exact=True t=0.019s
sphere               sigma=0.0   seed=14 |G|=  1 avi_contains_true=True srgb_exact=True t=0.014s
sphere               sigma=0.0   seed=15 |G|=  1 avi_contains_true=True srgb_exact=True t=0.026s
sphere               sigma=0.0   seed=16 |G|=  1 avi_contains_true=True srgb_exact=True t=0.011s
sphere               sigma=0.0   seed=17 |G|=  1 avi_contains_true=True srgb_exact=True t=0.029s
sphere               sigma=0.0   seed=18 |G|=  1 avi_contains_true=True srgb_exact=True t=0.012s
sphere               sigma=0.0   seed=19 |G|=  1 avi_contains_true=True srgb_exact=True t=0.015s
sphere               sigma=0.0   seed=20 |G|=  1 avi_contains_true=True srgb_exact=True t=0.013s
sphere               sigma=0.0   seed=21 |G|=  1 avi_contains_true=True srgb_exact=True t=0.011s
sphere               sigma=0.0   seed=22 |G|=  1 avi_contains_true=True srgb_exact=True t=0.008s
sphere               sigma=0.0   seed=23 |G|=  1 avi_contains_true=True srgb_exact=True t=0.023s
sphere               sigma=0.0   seed=24 |G|=  1 avi_contains_true=True srgb_exact=True t=0.008s
sphere               sigma=0.0   seed=25 |G|=  1 avi_contains_true=True srgb_exact=True t=0.012s
sphere               sigma=0.0   seed=26 |G|=  1 avi_contains_true=True srgb_exact=True t=0.014s
sphere               sigma=0.0   seed=27 |G|=  1 avi_contains_true=True srgb_exact=True t=0.015s
sphere               sigma=0.0   seed=28 |G|=  1 avi_contains_true=True srgb_exact=True t=0.020s
sphere               sigma=0.0   seed=29 |G|=  1 avi_contains_true=True srgb_exact=True t=0.011s
sphere               sigma=0.01  seed=0 |G|=  1 avi_contains_true=True srgb_exact=True t=0.016s
sphere               sigma=0.01  seed=1 |G|=  0 avi_contains_true=False srgb_exact=True t=0.009s
sphere               sigma=0.01  seed=2 |G|=  0 avi_contains_true=False srgb_exact=True t=0.022s
sphere               sigma=0.01  seed=3 |G|=  1 avi_contains_true=True srgb_exact=True t=0.012s
sphere               sigma=0.01  seed=4 |G|=  1 avi_contains_true=True srgb_exact=True t=0.010s
sphere               sigma=0.01  seed=5 |G|=  1 avi_contains_true=True srgb_exact=True t=0.014s
sphere               sigma=0.01  seed=6 |G|=  1 avi_contains_true=True srgb_exact=True t=0.009s
sphere               sigma=0.01  seed=7 |G|=  1 avi_contains_true=True srgb_exact=True t=0.011s
sphere               sigma=0.01  seed=8 |G|=  1 avi_contains_true=True srgb_exact=True t=0.012s
sphere               sigma=0.01  seed=9 |G|=  1 avi_contains_true=True srgb_exact=True t=0.035s
sphere               sigma=0.01  seed=10 |G|=  1 avi_contains_true=True srgb_exact=True t=0.011s
sphere               sigma=0.01  seed=11 |G|=  1 avi_contains_true=True srgb_exact=True t=0.008s
sphere               sigma=0.01  seed=12 |G|=  1 avi_contains_true=True srgb_exact=True t=0.012s
sphere               sigma=0.01  seed=13 |G|=  0 avi_contains_true=False srgb_exact=True t=0.010s
sphere               sigma=0.01  seed=14 |G|=  1 avi_contains_true=True srgb_exact=True t=0.008s
sphere               sigma=0.01  seed=15 |G|=  1 avi_contains_true=True srgb_exact=True t=0.012s
sphere               sigma=0.01  seed=16 |G|=  1 avi_contains_true=True srgb_exact=True t=0.012s
sphere               sigma=0.01  seed=17 |G|=  1 avi_contains_true=True srgb_exact=True t=0.013s
sphere               sigma=0.01  seed=18 |G|=  1 avi_contains_true=True srgb_exact=True t=0.020s
sphere               sigma=0.01  seed=19 |G|=  1 avi_contains_true=True srgb_exact=True t=0.037s
sphere               sigma=0.01  seed=20 |G|=  1 avi_contains_true=True srgb_exact=True t=0.012s
sphere               sigma=0.01  seed=21 |G|=  1 avi_contains_true=True srgb_exact=True t=0.052s
sphere               sigma=0.01  seed=22 |G|=  1 avi_contains_true=True srgb_exact=True t=0.042s
sphere               sigma=0.01  seed=23 |G|=  1 avi_contains_true=True srgb_exact=True t=0.018s
sphere               sigma=0.01  seed=24 |G|=  0 avi_contains_true=False srgb_exact=True t=0.010s
sphere               sigma=0.01  seed=25 |G|=  1 avi_contains_true=True srgb_exact=True t=0.050s
sphere               sigma=0.01  seed=26 |G|=  1 avi_contains_true=True srgb_exact=True t=0.013s
sphere               sigma=0.01  seed=27 |G|=  1 avi_contains_true=True srgb_exact=True t=0.046s
sphere               sigma=0.01  seed=28 |G|=  1 avi_contains_true=True srgb_exact=True t=0.054s
sphere               sigma=0.01  seed=29 |G|=  0 avi_contains_true=False srgb_exact=True t=0.043s
sphere               sigma=0.02  seed=0 |G|=  1 avi_contains_true=True srgb_exact=True t=0.042s
sphere               sigma=0.02  seed=1 |G|=  0 avi_contains_true=False srgb_exact=True t=0.046s
sphere               sigma=0.02  seed=2 |G|=  1 avi_contains_true=True srgb_exact=True t=0.017s
sphere               sigma=0.02  seed=3 |G|=  1 avi_contains_true=True srgb_exact=True t=0.043s
sphere               sigma=0.02  seed=4 |G|=  1 avi_contains_true=True srgb_exact=True t=0.047s
sphere               sigma=0.02  seed=5 |G|=  1 avi_contains_true=True srgb_exact=True t=0.048s
sphere               sigma=0.02  seed=6 |G|=  1 avi_contains_true=True srgb_exact=True t=0.048s
sphere               sigma=0.02  seed=7 |G|=  1 avi_contains_true=True srgb_exact=True t=0.046s
sphere               sigma=0.02  seed=8 |G|=  1 avi_contains_true=True srgb_exact=True t=0.016s
sphere               sigma=0.02  seed=9 |G|=  1 avi_contains_true=True srgb_exact=True t=0.050s
sphere               sigma=0.02  seed=10 |G|=  1 avi_contains_true=True srgb_exact=True t=0.051s
sphere               sigma=0.02  seed=11 |G|=  1 avi_contains_true=True srgb_exact=True t=0.045s
sphere               sigma=0.02  seed=12 |G|=  1 avi_contains_true=True srgb_exact=True t=0.014s
sphere               sigma=0.02  seed=13 |G|=  0 avi_contains_true=False srgb_exact=True t=0.043s
sphere               sigma=0.02  seed=14 |G|=  1 avi_contains_true=True srgb_exact=True t=0.013s
sphere               sigma=0.02  seed=15 |G|=  1 avi_contains_true=True srgb_exact=True t=0.018s
sphere               sigma=0.02  seed=16 |G|=  1 avi_contains_true=True srgb_exact=True t=0.049s
sphere               sigma=0.02  seed=17 |G|=  1 avi_contains_true=True srgb_exact=True t=0.013s
sphere               sigma=0.02  seed=18 |G|=  1 avi_contains_true=True srgb_exact=True t=0.012s
sphere               sigma=0.02  seed=19 |G|=  1 avi_contains_true=True srgb_exact=True t=0.009s
sphere               sigma=0.02  seed=20 |G|=  1 avi_contains_true=True srgb_exact=True t=0.012s
sphere               sigma=0.02  seed=21 |G|=  1 avi_contains_true=True srgb_exact=True t=0.015s
sphere               sigma=0.02  seed=22 |G|=  1 avi_contains_true=True srgb_exact=True t=0.011s
sphere               sigma=0.02  seed=23 |G|=  1 avi_contains_true=True srgb_exact=True t=0.010s
sphere               sigma=0.02  seed=24 |G|=  0 avi_contains_true=False srgb_exact=True t=0.010s
sphere               sigma=0.02  seed=25 |G|=  1 avi_contains_true=True srgb_exact=True t=0.016s
sphere               sigma=0.02  seed=26 |G|=  1 avi_contains_true=True srgb_exact=True t=0.044s
sphere               sigma=0.02  seed=27 |G|=  1 avi_contains_true=True srgb_exact=True t=0.023s
sphere               sigma=0.02  seed=28 |G|=  1 avi_contains_true=True srgb_exact=True t=0.014s
sphere               sigma=0.02  seed=29 |G|=  0 avi_contains_true=False srgb_exact=True t=0.050s
cubic_I.6.2b         sigma=0.0   seed=0 |G|=  1 avi_contains_true=True srgb_exact=True t=0.010s
cubic_I.6.2b         sigma=0.0   seed=1 |G|=  1 avi_contains_true=True srgb_exact=True t=0.008s
cubic_I.6.2b         sigma=0.0   seed=2 |G|=  1 avi_contains_true=True srgb_exact=True t=0.008s
cubic_I.6.2b         sigma=0.0   seed=3 |G|=  1 avi_contains_true=True srgb_exact=True t=0.009s
cubic_I.6.2b         sigma=0.0   seed=4 |G|=  1 avi_contains_true=True srgb_exact=True t=0.008s
cubic_I.6.2b         sigma=0.0   seed=5 |G|=  1 avi_contains_true=True srgb_exact=True t=0.008s
cubic_I.6.2b         sigma=0.0   seed=6 |G|=  1 avi_contains_true=True srgb_exact=True t=0.008s
cubic_I.6.2b         sigma=0.0   seed=7 |G|=  1 avi_contains_true=True srgb_exact=True t=0.008s
cubic_I.6.2b         sigma=0.0   seed=8 |G|=  1 avi_contains_true=True srgb_exact=True t=0.009s
cubic_I.6.2b         sigma=0.0   seed=9 |G|=  1 avi_contains_true=True srgb_exact=True t=0.009s
cubic_I.6.2b         sigma=0.0   seed=10 |G|=  1 avi_contains_true=True srgb_exact=True t=0.008s
cubic_I.6.2b         sigma=0.0   seed=11 |G|=  1 avi_contains_true=True srgb_exact=True t=0.008s
cubic_I.6.2b         sigma=0.0   seed=12 |G|=  1 avi_contains_true=True srgb_exact=True t=0.009s
cubic_I.6.2b         sigma=0.0   seed=13 |G|=  1 avi_contains_true=True srgb_exact=True t=0.010s
cubic_I.6.2b         sigma=0.0   seed=14 |G|=  1 avi_contains_true=True srgb_exact=True t=0.009s
cubic_I.6.2b         sigma=0.0   seed=15 |G|=  1 avi_contains_true=True srgb_exact=True t=0.009s
cubic_I.6.2b         sigma=0.0   seed=16 |G|=  1 avi_contains_true=True srgb_exact=True t=0.008s
cubic_I.6.2b         sigma=0.0   seed=17 |G|=  1 avi_contains_true=True srgb_exact=True t=0.008s
cubic_I.6.2b         sigma=0.0   seed=18 |G|=  1 avi_contains_true=True srgb_exact=True t=0.008s
cubic_I.6.2b         sigma=0.0   seed=19 |G|=  1 avi_contains_true=True srgb_exact=True t=0.008s
cubic_I.6.2b         sigma=0.0   seed=20 |G|=  1 avi_contains_true=True srgb_exact=True t=0.008s
cubic_I.6.2b         sigma=0.0   seed=21 |G|=  1 avi_contains_true=True srgb_exact=True t=0.008s
cubic_I.6.2b         sigma=0.0   seed=22 |G|=  1 avi_contains_true=True srgb_exact=True t=0.009s
cubic_I.6.2b         sigma=0.0   seed=23 |G|=  1 avi_contains_true=True srgb_exact=True t=0.009s
cubic_I.6.2b         sigma=0.0   seed=24 |G|=  1 avi_contains_true=True srgb_exact=True t=0.008s
cubic_I.6.2b         sigma=0.0   seed=25 |G|=  1 avi_contains_true=True srgb_exact=True t=0.009s
cubic_I.6.2b         sigma=0.0   seed=26 |G|=  1 avi_contains_true=True srgb_exact=True t=0.009s
cubic_I.6.2b         sigma=0.0   seed=27 |G|=  1 avi_contains_true=True srgb_exact=True t=0.009s
cubic_I.6.2b         sigma=0.0   seed=28 |G|=  1 avi_contains_true=True srgb_exact=True t=0.009s
cubic_I.6.2b         sigma=0.0   seed=29 |G|=  1 avi_contains_true=True srgb_exact=True t=0.008s
cubic_I.6.2b         sigma=0.01  seed=0 |G|=  3 avi_contains_true=False srgb_exact=True t=0.011s
cubic_I.6.2b         sigma=0.01  seed=1 |G|=  3 avi_contains_true=False srgb_exact=True t=0.011s
cubic_I.6.2b         sigma=0.01  seed=2 |G|=  3 avi_contains_true=False srgb_exact=True t=0.025s
cubic_I.6.2b         sigma=0.01  seed=3 |G|=  3 avi_contains_true=False srgb_exact=True t=0.011s
cubic_I.6.2b         sigma=0.01  seed=4 |G|=  3 avi_contains_true=False srgb_exact=True t=0.011s
cubic_I.6.2b         sigma=0.01  seed=5 |G|=  3 avi_contains_true=False srgb_exact=True t=0.012s
cubic_I.6.2b         sigma=0.01  seed=6 |G|=  3 avi_contains_true=False srgb_exact=True t=0.011s
cubic_I.6.2b         sigma=0.01  seed=7 |G|=  3 avi_contains_true=False srgb_exact=True t=0.025s
cubic_I.6.2b         sigma=0.01  seed=8 |G|=  3 avi_contains_true=False srgb_exact=True t=0.012s
cubic_I.6.2b         sigma=0.01  seed=9 |G|=  3 avi_contains_true=False srgb_exact=True t=0.013s
cubic_I.6.2b         sigma=0.01  seed=10 |G|=  3 avi_contains_true=False srgb_exact=True t=0.012s
cubic_I.6.2b         sigma=0.01  seed=11 |G|=  3 avi_contains_true=False srgb_exact=True t=0.011s
cubic_I.6.2b         sigma=0.01  seed=12 |G|=  3 avi_contains_true=False srgb_exact=True t=0.012s
cubic_I.6.2b         sigma=0.01  seed=13 |G|=  3 avi_contains_true=False srgb_exact=True t=0.028s
cubic_I.6.2b         sigma=0.01  seed=14 |G|=  3 avi_contains_true=False srgb_exact=True t=0.012s
cubic_I.6.2b         sigma=0.01  seed=15 |G|=  3 avi_contains_true=False srgb_exact=True t=0.011s
cubic_I.6.2b         sigma=0.01  seed=16 |G|=  3 avi_contains_true=False srgb_exact=True t=0.011s
cubic_I.6.2b         sigma=0.01  seed=17 |G|=  3 avi_contains_true=False srgb_exact=True t=0.011s
cubic_I.6.2b         sigma=0.01  seed=18 |G|=  3 avi_contains_true=False srgb_exact=True t=0.024s
cubic_I.6.2b         sigma=0.01  seed=19 |G|=  3 avi_contains_true=False srgb_exact=True t=0.014s
cubic_I.6.2b         sigma=0.01  seed=20 |G|=  3 avi_contains_true=False srgb_exact=True t=0.012s
cubic_I.6.2b         sigma=0.01  seed=21 |G|=  3 avi_contains_true=False srgb_exact=True t=0.013s
cubic_I.6.2b         sigma=0.01  seed=22 |G|=  3 avi_contains_true=False srgb_exact=True t=0.011s
cubic_I.6.2b         sigma=0.01  seed=23 |G|=  3 avi_contains_true=False srgb_exact=True t=0.011s
cubic_I.6.2b         sigma=0.01  seed=24 |G|=  3 avi_contains_true=False srgb_exact=True t=0.016s
cubic_I.6.2b         sigma=0.01  seed=25 |G|=  3 avi_contains_true=False srgb_exact=True t=0.011s
cubic_I.6.2b         sigma=0.01  seed=26 |G|=  3 avi_contains_true=False srgb_exact=True t=0.030s
cubic_I.6.2b         sigma=0.01  seed=27 |G|=  3 avi_contains_true=False srgb_exact=True t=0.014s
cubic_I.6.2b         sigma=0.01  seed=28 |G|=  3 avi_contains_true=False srgb_exact=True t=0.012s
cubic_I.6.2b         sigma=0.01  seed=29 |G|=  3 avi_contains_true=False srgb_exact=True t=0.025s
cubic_I.6.2b         sigma=0.02  seed=0 |G|=  3 avi_contains_true=False srgb_exact=True t=0.008s
cubic_I.6.2b         sigma=0.02  seed=1 |G|=  3 avi_contains_true=False srgb_exact=True t=0.008s
cubic_I.6.2b         sigma=0.02  seed=2 |G|=  3 avi_contains_true=False srgb_exact=True t=0.009s
cubic_I.6.2b         sigma=0.02  seed=3 |G|=  3 avi_contains_true=False srgb_exact=True t=0.008s
cubic_I.6.2b         sigma=0.02  seed=4 |G|=  3 avi_contains_true=False srgb_exact=True t=0.016s
cubic_I.6.2b         sigma=0.02  seed=5 |G|=  3 avi_contains_true=False srgb_exact=True t=0.013s
cubic_I.6.2b         sigma=0.02  seed=6 |G|=  3 avi_contains_true=False srgb_exact=True t=0.008s
cubic_I.6.2b         sigma=0.02  seed=7 |G|=  3 avi_contains_true=False srgb_exact=True t=0.008s
cubic_I.6.2b         sigma=0.02  seed=8 |G|=  3 avi_contains_true=False srgb_exact=True t=0.008s
cubic_I.6.2b         sigma=0.02  seed=9 |G|=  3 avi_contains_true=False srgb_exact=True t=0.008s
cubic_I.6.2b         sigma=0.02  seed=10 |G|=  3 avi_contains_true=False srgb_exact=True t=0.012s
cubic_I.6.2b         sigma=0.02  seed=11 |G|=  3 avi_contains_true=False srgb_exact=True t=0.009s
cubic_I.6.2b         sigma=0.02  seed=12 |G|=  3 avi_contains_true=False srgb_exact=True t=0.009s
cubic_I.6.2b         sigma=0.02  seed=13 |G|=  3 avi_contains_true=False srgb_exact=True t=0.009s
cubic_I.6.2b         sigma=0.02  seed=14 |G|=  3 avi_contains_true=False srgb_exact=True t=0.008s
cubic_I.6.2b         sigma=0.02  seed=15 |G|=  3 avi_contains_true=False srgb_exact=True t=0.013s
cubic_I.6.2b         sigma=0.02  seed=16 |G|=  3 avi_contains_true=False srgb_exact=True t=0.012s
cubic_I.6.2b         sigma=0.02  seed=17 |G|=  3 avi_contains_true=False srgb_exact=True t=0.008s
cubic_I.6.2b         sigma=0.02  seed=18 |G|=  3 avi_contains_true=False srgb_exact=True t=0.008s
cubic_I.6.2b         sigma=0.02  seed=19 |G|=  3 avi_contains_true=False srgb_exact=True t=0.009s
cubic_I.6.2b         sigma=0.02  seed=20 |G|=  3 avi_contains_true=False srgb_exact=True t=0.008s
cubic_I.6.2b         sigma=0.02  seed=21 |G|=  3 avi_contains_true=False srgb_exact=True t=0.013s
cubic_I.6.2b         sigma=0.02  seed=22 |G|=  3 avi_contains_true=False srgb_exact=True t=0.008s
cubic_I.6.2b         sigma=0.02  seed=23 |G|=  3 avi_contains_true=False srgb_exact=True t=0.010s
cubic_I.6.2b         sigma=0.02  seed=24 |G|=  3 avi_contains_true=False srgb_exact=True t=0.008s
cubic_I.6.2b         sigma=0.02  seed=25 |G|=  3 avi_contains_true=False srgb_exact=True t=0.009s
cubic_I.6.2b         sigma=0.02  seed=26 |G|=  3 avi_contains_true=False srgb_exact=True t=0.010s
cubic_I.6.2b         sigma=0.02  seed=27 |G|=  3 avi_contains_true=False srgb_exact=True t=0.012s
cubic_I.6.2b         sigma=0.02  seed=28 |G|=  3 avi_contains_true=False srgb_exact=True t=0.009s
cubic_I.6.2b         sigma=0.02  seed=29 |G|=  3 avi_contains_true=False srgb_exact=True t=0.009s
kepler_angular_momentum sigma=0.0   seed=0 |G|=  3 avi_contains_true=True srgb_exact=True t=0.212s
kepler_angular_momentum sigma=0.0   seed=1 |G|=  3 avi_contains_true=True srgb_exact=True t=0.190s
kepler_angular_momentum sigma=0.0   seed=2 |G|=  3 avi_contains_true=True srgb_exact=True t=0.195s
kepler_angular_momentum sigma=0.0   seed=3 |G|=  3 avi_contains_true=True srgb_exact=True t=0.193s
kepler_angular_momentum sigma=0.0   seed=4 |G|=  3 avi_contains_true=True srgb_exact=True t=0.171s
kepler_angular_momentum sigma=0.0   seed=5 |G|=  3 avi_contains_true=True srgb_exact=True t=0.215s
kepler_angular_momentum sigma=0.0   seed=6 |G|=  3 avi_contains_true=True srgb_exact=True t=0.190s
kepler_angular_momentum sigma=0.0   seed=7 |G|=  3 avi_contains_true=True srgb_exact=True t=0.200s
kepler_angular_momentum sigma=0.0   seed=8 |G|=  3 avi_contains_true=True srgb_exact=True t=0.342s
kepler_angular_momentum sigma=0.0   seed=9 |G|=  3 avi_contains_true=True srgb_exact=True t=1.592s
kepler_angular_momentum sigma=0.0   seed=10 |G|=  3 avi_contains_true=True srgb_exact=True t=1.254s
kepler_angular_momentum sigma=0.0   seed=11 |G|=  3 avi_contains_true=True srgb_exact=True t=0.720s
kepler_angular_momentum sigma=0.0   seed=12 |G|=  4 avi_contains_true=True srgb_exact=True t=0.204s
kepler_angular_momentum sigma=0.0   seed=13 |G|=  4 avi_contains_true=True srgb_exact=True t=0.195s
kepler_angular_momentum sigma=0.0   seed=14 |G|=  3 avi_contains_true=True srgb_exact=True t=0.245s
kepler_angular_momentum sigma=0.0   seed=15 |G|=  4 avi_contains_true=True srgb_exact=True t=0.204s
kepler_angular_momentum sigma=0.0   seed=16 |G|=  3 avi_contains_true=True srgb_exact=True t=0.193s
kepler_angular_momentum sigma=0.0   seed=17 |G|=  3 avi_contains_true=True srgb_exact=True t=0.197s
kepler_angular_momentum sigma=0.0   seed=18 |G|=  4 avi_contains_true=True srgb_exact=True t=0.188s
kepler_angular_momentum sigma=0.0   seed=19 |G|=  3 avi_contains_true=True srgb_exact=True t=0.236s
kepler_angular_momentum sigma=0.0   seed=20 |G|=  3 avi_contains_true=True srgb_exact=True t=0.192s
kepler_angular_momentum sigma=0.0   seed=21 |G|=  3 avi_contains_true=True srgb_exact=True t=0.218s
kepler_angular_momentum sigma=0.0   seed=22 |G|=  3 avi_contains_true=True srgb_exact=True t=0.189s
kepler_angular_momentum sigma=0.0   seed=23 |G|=  3 avi_contains_true=True srgb_exact=True t=0.202s
kepler_angular_momentum sigma=0.0   seed=24 |G|=  3 avi_contains_true=True srgb_exact=True t=0.207s
kepler_angular_momentum sigma=0.0   seed=25 |G|=  3 avi_contains_true=True srgb_exact=True t=0.195s
kepler_angular_momentum sigma=0.0   seed=26 |G|=  4 avi_contains_true=True srgb_exact=True t=1.580s
kepler_angular_momentum sigma=0.0   seed=27 |G|=  3 avi_contains_true=True srgb_exact=True t=1.151s
kepler_angular_momentum sigma=0.0   seed=28 |G|=  3 avi_contains_true=True srgb_exact=True t=0.318s
kepler_angular_momentum sigma=0.0   seed=29 |G|=  4 avi_contains_true=True srgb_exact=True t=0.187s
kepler_angular_momentum sigma=0.01  seed=0 |G|= 19 avi_contains_true=False srgb_exact=False t=0.176s
kepler_angular_momentum sigma=0.01  seed=1 |G|= 19 avi_contains_true=False srgb_exact=False t=0.186s
kepler_angular_momentum sigma=0.01  seed=2 |G|= 18 avi_contains_true=False srgb_exact=False t=0.181s
kepler_angular_momentum sigma=0.01  seed=3 |G|= 18 avi_contains_true=False srgb_exact=False t=0.198s
kepler_angular_momentum sigma=0.01  seed=4 |G|= 19 avi_contains_true=False srgb_exact=False t=0.189s
kepler_angular_momentum sigma=0.01  seed=5 |G|= 19 avi_contains_true=False srgb_exact=False t=0.194s
kepler_angular_momentum sigma=0.01  seed=6 |G|= 19 avi_contains_true=False srgb_exact=False t=0.183s
kepler_angular_momentum sigma=0.01  seed=7 |G|= 19 avi_contains_true=False srgb_exact=False t=0.193s
kepler_angular_momentum sigma=0.01  seed=8 |G|= 18 avi_contains_true=False srgb_exact=False t=0.187s
kepler_angular_momentum sigma=0.01  seed=9 |G|= 19 avi_contains_true=False srgb_exact=False t=0.184s
kepler_angular_momentum sigma=0.01  seed=10 |G|= 19 avi_contains_true=False srgb_exact=False t=0.180s
kepler_angular_momentum sigma=0.01  seed=11 |G|= 19 avi_contains_true=False srgb_exact=False t=0.216s
kepler_angular_momentum sigma=0.01  seed=12 |G|= 19 avi_contains_true=False srgb_exact=False t=1.056s
kepler_angular_momentum sigma=0.01  seed=13 |G|= 19 avi_contains_true=False srgb_exact=False t=0.184s
kepler_angular_momentum sigma=0.01  seed=14 |G|= 19 avi_contains_true=False srgb_exact=False t=0.218s
kepler_angular_momentum sigma=0.01  seed=15 |G|= 19 avi_contains_true=False srgb_exact=False t=0.186s
kepler_angular_momentum sigma=0.01  seed=16 |G|= 19 avi_contains_true=False srgb_exact=False t=0.177s
kepler_angular_momentum sigma=0.01  seed=17 |G|= 19 avi_contains_true=False srgb_exact=False t=0.185s
kepler_angular_momentum sigma=0.01  seed=18 |G|= 19 avi_contains_true=False srgb_exact=False t=0.174s
kepler_angular_momentum sigma=0.01  seed=19 |G|= 18 avi_contains_true=False srgb_exact=False t=0.185s
kepler_angular_momentum sigma=0.01  seed=20 |G|= 19 avi_contains_true=False srgb_exact=False t=0.191s
kepler_angular_momentum sigma=0.01  seed=21 |G|= 19 avi_contains_true=False srgb_exact=False t=0.215s
kepler_angular_momentum sigma=0.01  seed=22 |G|= 19 avi_contains_true=False srgb_exact=False t=0.186s
kepler_angular_momentum sigma=0.01  seed=23 |G|= 19 avi_contains_true=False srgb_exact=False t=0.184s
kepler_angular_momentum sigma=0.01  seed=24 |G|= 19 avi_contains_true=False srgb_exact=False t=0.779s
kepler_angular_momentum sigma=0.01  seed=25 |G|= 19 avi_contains_true=False srgb_exact=False t=1.516s
kepler_angular_momentum sigma=0.01  seed=26 |G|= 19 avi_contains_true=False srgb_exact=False t=0.184s
kepler_angular_momentum sigma=0.01  seed=27 |G|= 19 avi_contains_true=False srgb_exact=False t=0.173s
kepler_angular_momentum sigma=0.01  seed=28 |G|= 19 avi_contains_true=False srgb_exact=False t=0.216s
kepler_angular_momentum sigma=0.01  seed=29 |G|= 19 avi_contains_true=False srgb_exact=False t=0.203s
kepler_angular_momentum sigma=0.02  seed=0 |G|= 20 avi_contains_true=False srgb_exact=False t=0.186s
kepler_angular_momentum sigma=0.02  seed=1 |G|= 20 avi_contains_true=False srgb_exact=False t=0.199s
kepler_angular_momentum sigma=0.02  seed=2 |G|= 20 avi_contains_true=False srgb_exact=False t=0.197s
kepler_angular_momentum sigma=0.02  seed=3 |G|= 20 avi_contains_true=False srgb_exact=False t=0.190s
kepler_angular_momentum sigma=0.02  seed=4 |G|= 20 avi_contains_true=False srgb_exact=False t=0.749s
kepler_angular_momentum sigma=0.02  seed=5 |G|= 20 avi_contains_true=False srgb_exact=False t=1.461s
kepler_angular_momentum sigma=0.02  seed=6 |G|= 20 avi_contains_true=False srgb_exact=False t=0.210s
kepler_angular_momentum sigma=0.02  seed=7 |G|= 20 avi_contains_true=False srgb_exact=False t=0.237s
kepler_angular_momentum sigma=0.02  seed=8 |G|= 20 avi_contains_true=False srgb_exact=False t=0.198s
kepler_angular_momentum sigma=0.02  seed=9 |G|= 20 avi_contains_true=False srgb_exact=False t=0.222s
kepler_angular_momentum sigma=0.02  seed=10 |G|= 20 avi_contains_true=False srgb_exact=False t=0.201s
kepler_angular_momentum sigma=0.02  seed=11 |G|= 20 avi_contains_true=False srgb_exact=False t=0.192s
kepler_angular_momentum sigma=0.02  seed=12 |G|= 20 avi_contains_true=False srgb_exact=False t=0.888s
kepler_angular_momentum sigma=0.02  seed=13 |G|= 20 avi_contains_true=False srgb_exact=False t=0.214s
kepler_angular_momentum sigma=0.02  seed=14 |G|= 20 avi_contains_true=False srgb_exact=False t=0.191s
kepler_angular_momentum sigma=0.02  seed=15 |G|= 20 avi_contains_true=False srgb_exact=False t=0.219s
kepler_angular_momentum sigma=0.02  seed=16 |G|= 20 avi_contains_true=False srgb_exact=False t=0.213s
kepler_angular_momentum sigma=0.02  seed=17 |G|= 20 avi_contains_true=False srgb_exact=False t=0.212s
kepler_angular_momentum sigma=0.02  seed=18 |G|= 20 avi_contains_true=False srgb_exact=False t=0.196s
kepler_angular_momentum sigma=0.02  seed=19 |G|= 20 avi_contains_true=False srgb_exact=False t=0.539s
kepler_angular_momentum sigma=0.02  seed=20 |G|= 20 avi_contains_true=False srgb_exact=False t=0.970s
kepler_angular_momentum sigma=0.02  seed=21 |G|= 20 avi_contains_true=False srgb_exact=False t=0.196s
kepler_angular_momentum sigma=0.02  seed=22 |G|= 20 avi_contains_true=False srgb_exact=False t=0.195s
kepler_angular_momentum sigma=0.02  seed=23 |G|= 20 avi_contains_true=False srgb_exact=False t=0.225s
kepler_angular_momentum sigma=0.02  seed=24 |G|= 20 avi_contains_true=False srgb_exact=False t=0.202s
kepler_angular_momentum sigma=0.02  seed=25 |G|= 20 avi_contains_true=False srgb_exact=False t=0.181s
kepler_angular_momentum sigma=0.02  seed=26 |G|= 20 avi_contains_true=False srgb_exact=False t=0.195s
kepler_angular_momentum sigma=0.02  seed=27 |G|= 20 avi_contains_true=False srgb_exact=False t=1.046s
kepler_angular_momentum sigma=0.02  seed=28 |G|= 20 avi_contains_true=False srgb_exact=False t=1.237s
kepler_angular_momentum sigma=0.02  seed=29 |G|= 20 avi_contains_true=False srgb_exact=False t=0.191s
harmonic_oscillator_2d sigma=0.0   seed=0 |G|=  7 avi_contains_true=False srgb_exact=True t=0.014s
harmonic_oscillator_2d sigma=0.0   seed=1 |G|=  7 avi_contains_true=False srgb_exact=True t=0.012s
harmonic_oscillator_2d sigma=0.0   seed=2 |G|=  7 avi_contains_true=False srgb_exact=True t=0.018s
harmonic_oscillator_2d sigma=0.0   seed=3 |G|=  7 avi_contains_true=False srgb_exact=True t=0.012s
harmonic_oscillator_2d sigma=0.0   seed=4 |G|=  7 avi_contains_true=False srgb_exact=True t=0.020s
harmonic_oscillator_2d sigma=0.0   seed=5 |G|=  7 avi_contains_true=False srgb_exact=True t=0.013s
harmonic_oscillator_2d sigma=0.0   seed=6 |G|=  7 avi_contains_true=False srgb_exact=True t=0.013s
harmonic_oscillator_2d sigma=0.0   seed=7 |G|=  7 avi_contains_true=False srgb_exact=True t=0.012s
harmonic_oscillator_2d sigma=0.0   seed=8 |G|=  7 avi_contains_true=False srgb_exact=True t=0.019s
harmonic_oscillator_2d sigma=0.0   seed=9 |G|=  7 avi_contains_true=False srgb_exact=True t=0.023s
harmonic_oscillator_2d sigma=0.0   seed=10 |G|=  7 avi_contains_true=False srgb_exact=True t=0.013s
harmonic_oscillator_2d sigma=0.0   seed=11 |G|=  7 avi_contains_true=False srgb_exact=True t=0.013s
harmonic_oscillator_2d sigma=0.0   seed=12 |G|=  7 avi_contains_true=False srgb_exact=True t=0.012s
harmonic_oscillator_2d sigma=0.0   seed=13 |G|=  7 avi_contains_true=False srgb_exact=True t=0.014s
harmonic_oscillator_2d sigma=0.0   seed=14 |G|=  7 avi_contains_true=False srgb_exact=True t=0.018s
harmonic_oscillator_2d sigma=0.0   seed=15 |G|=  7 avi_contains_true=False srgb_exact=True t=0.019s
harmonic_oscillator_2d sigma=0.0   seed=16 |G|=  7 avi_contains_true=False srgb_exact=True t=0.013s
harmonic_oscillator_2d sigma=0.0   seed=17 |G|=  7 avi_contains_true=False srgb_exact=True t=0.012s
harmonic_oscillator_2d sigma=0.0   seed=18 |G|=  7 avi_contains_true=False srgb_exact=True t=0.014s
harmonic_oscillator_2d sigma=0.0   seed=19 |G|=  7 avi_contains_true=False srgb_exact=True t=0.013s
harmonic_oscillator_2d sigma=0.0   seed=20 |G|=  7 avi_contains_true=False srgb_exact=True t=0.013s
harmonic_oscillator_2d sigma=0.0   seed=21 |G|=  7 avi_contains_true=False srgb_exact=True t=0.023s
harmonic_oscillator_2d sigma=0.0   seed=22 |G|=  7 avi_contains_true=False srgb_exact=True t=0.013s
harmonic_oscillator_2d sigma=0.0   seed=23 |G|=  7 avi_contains_true=False srgb_exact=True t=0.015s
harmonic_oscillator_2d sigma=0.0   seed=24 |G|=  7 avi_contains_true=False srgb_exact=True t=0.013s
harmonic_oscillator_2d sigma=0.0   seed=25 |G|=  7 avi_contains_true=False srgb_exact=True t=0.013s
harmonic_oscillator_2d sigma=0.0   seed=26 |G|=  7 avi_contains_true=False srgb_exact=True t=0.013s
harmonic_oscillator_2d sigma=0.0   seed=27 |G|=  7 avi_contains_true=False srgb_exact=True t=0.022s
harmonic_oscillator_2d sigma=0.0   seed=28 |G|=  7 avi_contains_true=False srgb_exact=True t=0.013s
harmonic_oscillator_2d sigma=0.0   seed=29 |G|=  7 avi_contains_true=False srgb_exact=True t=0.013s
harmonic_oscillator_2d sigma=0.01  seed=0 |G|=  3 avi_contains_true=False srgb_exact=False t=0.028s
harmonic_oscillator_2d sigma=0.01  seed=1 |G|=  3 avi_contains_true=False srgb_exact=False t=0.023s
harmonic_oscillator_2d sigma=0.01  seed=2 |G|=  7 avi_contains_true=False srgb_exact=False t=0.014s
harmonic_oscillator_2d sigma=0.01  seed=3 |G|=  3 avi_contains_true=False srgb_exact=False t=0.022s
harmonic_oscillator_2d sigma=0.01  seed=4 |G|=  7 avi_contains_true=False srgb_exact=False t=0.018s
harmonic_oscillator_2d sigma=0.01  seed=5 |G|=  7 avi_contains_true=False srgb_exact=False t=0.019s
harmonic_oscillator_2d sigma=0.01  seed=6 |G|=  6 avi_contains_true=False srgb_exact=False t=0.016s
harmonic_oscillator_2d sigma=0.01  seed=7 |G|=  7 avi_contains_true=False srgb_exact=False t=0.013s
harmonic_oscillator_2d sigma=0.01  seed=8 |G|=  7 avi_contains_true=False srgb_exact=False t=0.013s
harmonic_oscillator_2d sigma=0.01  seed=9 |G|=  7 avi_contains_true=False srgb_exact=False t=0.013s
harmonic_oscillator_2d sigma=0.01  seed=10 |G|=  7 avi_contains_true=False srgb_exact=False t=0.013s
harmonic_oscillator_2d sigma=0.01  seed=11 |G|=  7 avi_contains_true=False srgb_exact=False t=0.013s
harmonic_oscillator_2d sigma=0.01  seed=12 |G|=  6 avi_contains_true=False srgb_exact=False t=0.032s
harmonic_oscillator_2d sigma=0.01  seed=13 |G|=  4 avi_contains_true=False srgb_exact=False t=0.015s
harmonic_oscillator_2d sigma=0.01  seed=14 |G|=  3 avi_contains_true=False srgb_exact=False t=0.022s
harmonic_oscillator_2d sigma=0.01  seed=15 |G|=  6 avi_contains_true=False srgb_exact=False t=0.019s
harmonic_oscillator_2d sigma=0.01  seed=16 |G|=  3 avi_contains_true=False srgb_exact=False t=0.023s
harmonic_oscillator_2d sigma=0.01  seed=17 |G|=  3 avi_contains_true=False srgb_exact=False t=0.028s
harmonic_oscillator_2d sigma=0.01  seed=18 |G|=  3 avi_contains_true=False srgb_exact=False t=0.023s
harmonic_oscillator_2d sigma=0.01  seed=19 |G|=  7 avi_contains_true=False srgb_exact=False t=0.012s
harmonic_oscillator_2d sigma=0.01  seed=20 |G|=  5 avi_contains_true=False srgb_exact=False t=0.036s
harmonic_oscillator_2d sigma=0.01  seed=21 |G|=  7 avi_contains_true=False srgb_exact=False t=0.018s
harmonic_oscillator_2d sigma=0.01  seed=22 |G|=  4 avi_contains_true=False srgb_exact=False t=0.014s
harmonic_oscillator_2d sigma=0.01  seed=23 |G|=  6 avi_contains_true=False srgb_exact=False t=0.016s
harmonic_oscillator_2d sigma=0.01  seed=24 |G|=  7 avi_contains_true=False srgb_exact=False t=0.015s
harmonic_oscillator_2d sigma=0.01  seed=25 |G|=  4 avi_contains_true=False srgb_exact=False t=0.014s
harmonic_oscillator_2d sigma=0.01  seed=26 |G|=  3 avi_contains_true=False srgb_exact=False t=0.023s
harmonic_oscillator_2d sigma=0.01  seed=27 |G|=  4 avi_contains_true=False srgb_exact=False t=0.015s
harmonic_oscillator_2d sigma=0.01  seed=28 |G|=  3 avi_contains_true=False srgb_exact=False t=0.025s
harmonic_oscillator_2d sigma=0.01  seed=29 |G|=  6 avi_contains_true=False srgb_exact=False t=0.031s
harmonic_oscillator_2d sigma=0.02  seed=0 |G|=  3 avi_contains_true=False srgb_exact=False t=0.033s
harmonic_oscillator_2d sigma=0.02  seed=1 |G|=  3 avi_contains_true=False srgb_exact=False t=0.025s
harmonic_oscillator_2d sigma=0.02  seed=2 |G|=  7 avi_contains_true=False srgb_exact=False t=0.013s
harmonic_oscillator_2d sigma=0.02  seed=3 |G|=  3 avi_contains_true=False srgb_exact=False t=0.022s
harmonic_oscillator_2d sigma=0.02  seed=4 |G|=  7 avi_contains_true=False srgb_exact=False t=0.013s
harmonic_oscillator_2d sigma=0.02  seed=5 |G|=  7 avi_contains_true=False srgb_exact=False t=0.013s
harmonic_oscillator_2d sigma=0.02  seed=6 |G|=  6 avi_contains_true=False srgb_exact=False t=0.031s
harmonic_oscillator_2d sigma=0.02  seed=7 |G|=  7 avi_contains_true=False srgb_exact=False t=0.020s
harmonic_oscillator_2d sigma=0.02  seed=8 |G|=  7 avi_contains_true=False srgb_exact=False t=0.013s
harmonic_oscillator_2d sigma=0.02  seed=9 |G|=  7 avi_contains_true=False srgb_exact=False t=0.013s
harmonic_oscillator_2d sigma=0.02  seed=10 |G|=  7 avi_contains_true=False srgb_exact=False t=0.014s
harmonic_oscillator_2d sigma=0.02  seed=11 |G|=  7 avi_contains_true=False srgb_exact=False t=0.017s
harmonic_oscillator_2d sigma=0.02  seed=12 |G|=  6 avi_contains_true=False srgb_exact=False t=0.016s
harmonic_oscillator_2d sigma=0.02  seed=13 |G|=  4 avi_contains_true=False srgb_exact=False t=0.014s
harmonic_oscillator_2d sigma=0.02  seed=14 |G|=  3 avi_contains_true=False srgb_exact=False t=0.039s
harmonic_oscillator_2d sigma=0.02  seed=15 |G|=  7 avi_contains_true=False srgb_exact=False t=0.019s
harmonic_oscillator_2d sigma=0.02  seed=16 |G|=  3 avi_contains_true=False srgb_exact=False t=0.024s
harmonic_oscillator_2d sigma=0.02  seed=17 |G|=  3 avi_contains_true=False srgb_exact=False t=0.023s
harmonic_oscillator_2d sigma=0.02  seed=18 |G|=  3 avi_contains_true=False srgb_exact=False t=0.024s
harmonic_oscillator_2d sigma=0.02  seed=19 |G|=  7 avi_contains_true=False srgb_exact=False t=0.013s
harmonic_oscillator_2d sigma=0.02  seed=20 |G|=  5 avi_contains_true=False srgb_exact=False t=0.015s
harmonic_oscillator_2d sigma=0.02  seed=21 |G|=  7 avi_contains_true=False srgb_exact=False t=0.013s
harmonic_oscillator_2d sigma=0.02  seed=22 |G|=  4 avi_contains_true=False srgb_exact=False t=0.014s
harmonic_oscillator_2d sigma=0.02  seed=23 |G|=  6 avi_contains_true=False srgb_exact=False t=0.042s
harmonic_oscillator_2d sigma=0.02  seed=24 |G|=  7 avi_contains_true=False srgb_exact=False t=0.019s
harmonic_oscillator_2d sigma=0.02  seed=25 |G|=  4 avi_contains_true=False srgb_exact=False t=0.014s
harmonic_oscillator_2d sigma=0.02  seed=26 |G|=  3 avi_contains_true=False srgb_exact=False t=0.022s
harmonic_oscillator_2d sigma=0.02  seed=27 |G|=  4 avi_contains_true=False srgb_exact=False t=0.014s
harmonic_oscillator_2d sigma=0.02  seed=28 |G|=  3 avi_contains_true=False srgb_exact=False t=0.023s
harmonic_oscillator_2d sigma=0.02  seed=29 |G|=  6 avi_contains_true=False srgb_exact=False t=0.017s
feynman_I.15.1       sigma=0.0   seed=0 |G|=  1 avi_contains_true=True srgb_exact=True t=0.110s
feynman_I.15.1       sigma=0.0   seed=1 |G|=  1 avi_contains_true=True srgb_exact=True t=0.126s
feynman_I.15.1       sigma=0.0   seed=2 |G|=  1 avi_contains_true=True srgb_exact=True t=0.095s
feynman_I.15.1       sigma=0.0   seed=3 |G|=  1 avi_contains_true=True srgb_exact=True t=0.093s
feynman_I.15.1       sigma=0.0   seed=4 |G|=  1 avi_contains_true=True srgb_exact=True t=0.103s
feynman_I.15.1       sigma=0.0   seed=5 |G|=  1 avi_contains_true=True srgb_exact=True t=0.139s
feynman_I.15.1       sigma=0.0   seed=6 |G|=  1 avi_contains_true=True srgb_exact=True t=0.276s
feynman_I.15.1       sigma=0.0   seed=7 |G|=  1 avi_contains_true=True srgb_exact=True t=0.580s
feynman_I.15.1       sigma=0.0   seed=8 |G|=  1 avi_contains_true=True srgb_exact=True t=0.246s
feynman_I.15.1       sigma=0.0   seed=9 |G|=  1 avi_contains_true=True srgb_exact=True t=0.179s
feynman_I.15.1       sigma=0.0   seed=10 |G|=  1 avi_contains_true=True srgb_exact=True t=0.803s
feynman_I.15.1       sigma=0.0   seed=11 |G|=  1 avi_contains_true=True srgb_exact=True t=1.016s
feynman_I.15.1       sigma=0.0   seed=12 |G|=  1 avi_contains_true=True srgb_exact=True t=0.093s
feynman_I.15.1       sigma=0.0   seed=13 |G|=  1 avi_contains_true=True srgb_exact=True t=0.092s
feynman_I.15.1       sigma=0.0   seed=14 |G|=  1 avi_contains_true=True srgb_exact=True t=0.117s
feynman_I.15.1       sigma=0.0   seed=15 |G|=  1 avi_contains_true=True srgb_exact=True t=0.101s
feynman_I.15.1       sigma=0.0   seed=16 |G|=  1 avi_contains_true=True srgb_exact=True t=0.098s
feynman_I.15.1       sigma=0.0   seed=17 |G|=  1 avi_contains_true=True srgb_exact=True t=0.092s
feynman_I.15.1       sigma=0.0   seed=18 |G|=  1 avi_contains_true=True srgb_exact=True t=0.095s
feynman_I.15.1       sigma=0.0   seed=19 |G|=  1 avi_contains_true=True srgb_exact=True t=0.101s
feynman_I.15.1       sigma=0.0   seed=20 |G|=  1 avi_contains_true=True srgb_exact=True t=0.095s
feynman_I.15.1       sigma=0.0   seed=21 |G|=  1 avi_contains_true=True srgb_exact=True t=0.092s
feynman_I.15.1       sigma=0.0   seed=22 |G|=  1 avi_contains_true=True srgb_exact=True t=0.095s
feynman_I.15.1       sigma=0.0   seed=23 |G|=  1 avi_contains_true=True srgb_exact=True t=0.097s
feynman_I.15.1       sigma=0.0   seed=24 |G|=  1 avi_contains_true=True srgb_exact=True t=0.099s
feynman_I.15.1       sigma=0.0   seed=25 |G|=  1 avi_contains_true=True srgb_exact=True t=0.131s
feynman_I.15.1       sigma=0.0   seed=26 |G|=  1 avi_contains_true=True srgb_exact=True t=0.100s
feynman_I.15.1       sigma=0.0   seed=27 |G|=  1 avi_contains_true=True srgb_exact=True t=0.094s
feynman_I.15.1       sigma=0.0   seed=28 |G|=  1 avi_contains_true=True srgb_exact=True t=0.097s
feynman_I.15.1       sigma=0.0   seed=29 |G|=  1 avi_contains_true=True srgb_exact=True t=0.094s
feynman_I.15.1       sigma=0.01  seed=0 |G|=  3 avi_contains_true=True srgb_exact=True t=0.111s
feynman_I.15.1       sigma=0.01  seed=1 |G|=  3 avi_contains_true=True srgb_exact=True t=0.108s
feynman_I.15.1       sigma=0.01  seed=2 |G|=  3 avi_contains_true=True srgb_exact=True t=0.120s
feynman_I.15.1       sigma=0.01  seed=3 |G|=  2 avi_contains_true=True srgb_exact=True t=0.106s
feynman_I.15.1       sigma=0.01  seed=4 |G|=  3 avi_contains_true=True srgb_exact=True t=0.109s
feynman_I.15.1       sigma=0.01  seed=5 |G|=  3 avi_contains_true=True srgb_exact=True t=0.105s
feynman_I.15.1       sigma=0.01  seed=6 |G|=  3 avi_contains_true=True srgb_exact=True t=0.121s
feynman_I.15.1       sigma=0.01  seed=7 |G|=  3 avi_contains_true=True srgb_exact=True t=0.105s
feynman_I.15.1       sigma=0.01  seed=8 |G|=  2 avi_contains_true=True srgb_exact=True t=1.074s
feynman_I.15.1       sigma=0.01  seed=9 |G|=  2 avi_contains_true=True srgb_exact=True t=0.676s
feynman_I.15.1       sigma=0.01  seed=10 |G|=  3 avi_contains_true=True srgb_exact=True t=0.621s
feynman_I.15.1       sigma=0.01  seed=11 |G|=  3 avi_contains_true=True srgb_exact=True t=0.172s
feynman_I.15.1       sigma=0.01  seed=12 |G|=  3 avi_contains_true=True srgb_exact=True t=0.204s
feynman_I.15.1       sigma=0.01  seed=13 |G|=  3 avi_contains_true=True srgb_exact=True t=0.270s
feynman_I.15.1       sigma=0.01  seed=14 |G|=  3 avi_contains_true=True srgb_exact=True t=1.193s
feynman_I.15.1       sigma=0.01  seed=15 |G|=  2 avi_contains_true=True srgb_exact=True t=0.952s
feynman_I.15.1       sigma=0.01  seed=16 |G|=  3 avi_contains_true=True srgb_exact=True t=0.664s
feynman_I.15.1       sigma=0.01  seed=17 |G|=  3 avi_contains_true=True srgb_exact=True t=1.068s
feynman_I.15.1       sigma=0.01  seed=18 |G|=  3 avi_contains_true=True srgb_exact=True t=0.116s
feynman_I.15.1       sigma=0.01  seed=19 |G|=  3 avi_contains_true=True srgb_exact=True t=0.410s
feynman_I.15.1       sigma=0.01  seed=20 |G|=  3 avi_contains_true=True srgb_exact=True t=1.276s
feynman_I.15.1       sigma=0.01  seed=21 |G|=  3 avi_contains_true=True srgb_exact=True t=0.394s
feynman_I.15.1       sigma=0.01  seed=22 |G|=  2 avi_contains_true=True srgb_exact=True t=1.095s
feynman_I.15.1       sigma=0.01  seed=23 |G|=  3 avi_contains_true=True srgb_exact=True t=0.567s
feynman_I.15.1       sigma=0.01  seed=24 |G|=  3 avi_contains_true=True srgb_exact=True t=0.615s
feynman_I.15.1       sigma=0.01  seed=25 |G|=  3 avi_contains_true=True srgb_exact=True t=0.381s
feynman_I.15.1       sigma=0.01  seed=26 |G|=  3 avi_contains_true=True srgb_exact=True t=0.104s
feynman_I.15.1       sigma=0.01  seed=27 |G|=  3 avi_contains_true=True srgb_exact=True t=0.110s
feynman_I.15.1       sigma=0.01  seed=28 |G|=  3 avi_contains_true=True srgb_exact=True t=0.107s
feynman_I.15.1       sigma=0.01  seed=29 |G|=  3 avi_contains_true=True srgb_exact=True t=0.105s
feynman_I.15.1       sigma=0.02  seed=0 |G|=  7 avi_contains_true=False srgb_exact=True t=0.116s
feynman_I.15.1       sigma=0.02  seed=1 |G|=  7 avi_contains_true=False srgb_exact=True t=0.134s
feynman_I.15.1       sigma=0.02  seed=2 |G|=  7 avi_contains_true=False srgb_exact=True t=0.119s
feynman_I.15.1       sigma=0.02  seed=3 |G|=  7 avi_contains_true=False srgb_exact=True t=0.114s
feynman_I.15.1       sigma=0.02  seed=4 |G|=  7 avi_contains_true=False srgb_exact=True t=0.176s
feynman_I.15.1       sigma=0.02  seed=5 |G|=  7 avi_contains_true=False srgb_exact=True t=0.111s
feynman_I.15.1       sigma=0.02  seed=6 |G|=  7 avi_contains_true=False srgb_exact=True t=0.139s
feynman_I.15.1       sigma=0.02  seed=7 |G|=  7 avi_contains_true=False srgb_exact=True t=0.125s
feynman_I.15.1       sigma=0.02  seed=8 |G|=  7 avi_contains_true=False srgb_exact=True t=0.123s
feynman_I.15.1       sigma=0.02  seed=9 |G|=  7 avi_contains_true=False srgb_exact=True t=0.114s
feynman_I.15.1       sigma=0.02  seed=10 |G|=  7 avi_contains_true=False srgb_exact=True t=0.123s
feynman_I.15.1       sigma=0.02  seed=11 |G|=  7 avi_contains_true=False srgb_exact=True t=0.368s
feynman_I.15.1       sigma=0.02  seed=12 |G|=  7 avi_contains_true=False srgb_exact=True t=0.109s
feynman_I.15.1       sigma=0.02  seed=13 |G|=  7 avi_contains_true=False srgb_exact=True t=1.312s
feynman_I.15.1       sigma=0.02  seed=14 |G|=  7 avi_contains_true=False srgb_exact=True t=0.110s
feynman_I.15.1       sigma=0.02  seed=15 |G|=  7 avi_contains_true=False srgb_exact=True t=0.609s
feynman_I.15.1       sigma=0.02  seed=16 |G|=  7 avi_contains_true=False srgb_exact=True t=0.115s
feynman_I.15.1       sigma=0.02  seed=17 |G|=  7 avi_contains_true=False srgb_exact=True t=0.636s
feynman_I.15.1       sigma=0.02  seed=18 |G|=  7 avi_contains_true=False srgb_exact=True t=0.116s
feynman_I.15.1       sigma=0.02  seed=19 |G|=  7 avi_contains_true=False srgb_exact=True t=0.115s
feynman_I.15.1       sigma=0.02  seed=20 |G|=  7 avi_contains_true=False srgb_exact=True t=0.117s
feynman_I.15.1       sigma=0.02  seed=21 |G|=  7 avi_contains_true=False srgb_exact=True t=0.116s
feynman_I.15.1       sigma=0.02  seed=22 |G|=  7 avi_contains_true=False srgb_exact=True t=0.122s
feynman_I.15.1       sigma=0.02  seed=23 |G|=  7 avi_contains_true=False srgb_exact=True t=0.115s
feynman_I.15.1       sigma=0.02  seed=24 |G|=  7 avi_contains_true=False srgb_exact=True t=0.141s
feynman_I.15.1       sigma=0.02  seed=25 |G|=  7 avi_contains_true=False srgb_exact=True t=0.125s
feynman_I.15.1       sigma=0.02  seed=26 |G|=  7 avi_contains_true=False srgb_exact=True t=0.158s
feynman_I.15.1       sigma=0.02  seed=27 |G|=  7 avi_contains_true=False srgb_exact=True t=0.129s
feynman_I.15.1       sigma=0.02  seed=28 |G|=  7 avi_contains_true=False srgb_exact=True t=0.985s
feynman_I.15.1       sigma=0.02  seed=29 |G|=  7 avi_contains_true=False srgb_exact=True t=0.113s
feynman_I.12.1       sigma=0.0   seed=0 |G|=  1 avi_contains_true=True srgb_exact=True t=0.008s
feynman_I.12.1       sigma=0.0   seed=1 |G|=  1 avi_contains_true=True srgb_exact=True t=0.011s
feynman_I.12.1       sigma=0.0   seed=2 |G|=  1 avi_contains_true=True srgb_exact=True t=0.011s
feynman_I.12.1       sigma=0.0   seed=3 |G|=  1 avi_contains_true=True srgb_exact=True t=0.018s
feynman_I.12.1       sigma=0.0   seed=4 |G|=  1 avi_contains_true=True srgb_exact=True t=0.013s
feynman_I.12.1       sigma=0.0   seed=5 |G|=  1 avi_contains_true=True srgb_exact=True t=0.016s
feynman_I.12.1       sigma=0.0   seed=6 |G|=  1 avi_contains_true=True srgb_exact=True t=0.030s
feynman_I.12.1       sigma=0.0   seed=7 |G|=  1 avi_contains_true=True srgb_exact=True t=0.036s
feynman_I.12.1       sigma=0.0   seed=8 |G|=  1 avi_contains_true=True srgb_exact=True t=0.020s
feynman_I.12.1       sigma=0.0   seed=9 |G|=  1 avi_contains_true=True srgb_exact=True t=0.008s
feynman_I.12.1       sigma=0.0   seed=10 |G|=  1 avi_contains_true=True srgb_exact=True t=0.030s
feynman_I.12.1       sigma=0.0   seed=11 |G|=  1 avi_contains_true=True srgb_exact=True t=0.039s
feynman_I.12.1       sigma=0.0   seed=12 |G|=  1 avi_contains_true=True srgb_exact=True t=0.009s
feynman_I.12.1       sigma=0.0   seed=13 |G|=  1 avi_contains_true=True srgb_exact=True t=0.010s
feynman_I.12.1       sigma=0.0   seed=14 |G|=  1 avi_contains_true=True srgb_exact=True t=0.021s
feynman_I.12.1       sigma=0.0   seed=15 |G|=  1 avi_contains_true=True srgb_exact=True t=0.013s
feynman_I.12.1       sigma=0.0   seed=16 |G|=  1 avi_contains_true=True srgb_exact=True t=0.012s
feynman_I.12.1       sigma=0.0   seed=17 |G|=  1 avi_contains_true=True srgb_exact=True t=0.010s
feynman_I.12.1       sigma=0.0   seed=18 |G|=  1 avi_contains_true=True srgb_exact=True t=0.010s
feynman_I.12.1       sigma=0.0   seed=19 |G|=  1 avi_contains_true=True srgb_exact=True t=0.010s
feynman_I.12.1       sigma=0.0   seed=20 |G|=  1 avi_contains_true=True srgb_exact=True t=0.010s
feynman_I.12.1       sigma=0.0   seed=21 |G|=  1 avi_contains_true=True srgb_exact=True t=0.033s
feynman_I.12.1       sigma=0.0   seed=22 |G|=  1 avi_contains_true=True srgb_exact=True t=0.018s
feynman_I.12.1       sigma=0.0   seed=23 |G|=  1 avi_contains_true=True srgb_exact=True t=0.030s
feynman_I.12.1       sigma=0.0   seed=24 |G|=  1 avi_contains_true=True srgb_exact=True t=0.017s
feynman_I.12.1       sigma=0.0   seed=25 |G|=  1 avi_contains_true=True srgb_exact=True t=0.010s
feynman_I.12.1       sigma=0.0   seed=26 |G|=  1 avi_contains_true=True srgb_exact=True t=0.011s
feynman_I.12.1       sigma=0.0   seed=27 |G|=  1 avi_contains_true=True srgb_exact=True t=0.020s
feynman_I.12.1       sigma=0.0   seed=28 |G|=  1 avi_contains_true=True srgb_exact=True t=0.010s
feynman_I.12.1       sigma=0.0   seed=29 |G|=  1 avi_contains_true=True srgb_exact=True t=0.040s
feynman_I.12.1       sigma=0.01  seed=0 |G|=  1 avi_contains_true=True srgb_exact=True t=0.037s
feynman_I.12.1       sigma=0.01  seed=1 |G|=  1 avi_contains_true=True srgb_exact=True t=0.009s
feynman_I.12.1       sigma=0.01  seed=2 |G|=  1 avi_contains_true=True srgb_exact=True t=0.039s
feynman_I.12.1       sigma=0.01  seed=3 |G|=  1 avi_contains_true=True srgb_exact=True t=0.032s
feynman_I.12.1       sigma=0.01  seed=4 |G|=  1 avi_contains_true=True srgb_exact=True t=0.031s
feynman_I.12.1       sigma=0.01  seed=5 |G|=  1 avi_contains_true=True srgb_exact=True t=0.011s
feynman_I.12.1       sigma=0.01  seed=6 |G|=  1 avi_contains_true=True srgb_exact=True t=0.010s
feynman_I.12.1       sigma=0.01  seed=7 |G|=  1 avi_contains_true=True srgb_exact=True t=0.018s
feynman_I.12.1       sigma=0.01  seed=8 |G|=  1 avi_contains_true=True srgb_exact=True t=0.029s
feynman_I.12.1       sigma=0.01  seed=9 |G|=  1 avi_contains_true=True srgb_exact=True t=0.010s
feynman_I.12.1       sigma=0.01  seed=10 |G|=  1 avi_contains_true=True srgb_exact=True t=0.011s
feynman_I.12.1       sigma=0.01  seed=11 |G|=  1 avi_contains_true=True srgb_exact=True t=0.040s
feynman_I.12.1       sigma=0.01  seed=12 |G|=  1 avi_contains_true=True srgb_exact=True t=0.010s
feynman_I.12.1       sigma=0.01  seed=13 |G|=  1 avi_contains_true=True srgb_exact=True t=0.018s
feynman_I.12.1       sigma=0.01  seed=14 |G|=  1 avi_contains_true=True srgb_exact=True t=0.011s
feynman_I.12.1       sigma=0.01  seed=15 |G|=  1 avi_contains_true=True srgb_exact=True t=0.011s
feynman_I.12.1       sigma=0.01  seed=16 |G|=  1 avi_contains_true=True srgb_exact=True t=0.011s
feynman_I.12.1       sigma=0.01  seed=17 |G|=  1 avi_contains_true=True srgb_exact=True t=0.020s
feynman_I.12.1       sigma=0.01  seed=18 |G|=  1 avi_contains_true=True srgb_exact=True t=0.035s
feynman_I.12.1       sigma=0.01  seed=19 |G|=  1 avi_contains_true=True srgb_exact=True t=0.010s
feynman_I.12.1       sigma=0.01  seed=20 |G|=  1 avi_contains_true=True srgb_exact=True t=0.010s
feynman_I.12.1       sigma=0.01  seed=21 |G|=  1 avi_contains_true=True srgb_exact=True t=0.020s
feynman_I.12.1       sigma=0.01  seed=22 |G|=  1 avi_contains_true=True srgb_exact=True t=0.030s
feynman_I.12.1       sigma=0.01  seed=23 |G|=  1 avi_contains_true=True srgb_exact=True t=0.010s
feynman_I.12.1       sigma=0.01  seed=24 |G|=  1 avi_contains_true=True srgb_exact=True t=0.010s
feynman_I.12.1       sigma=0.01  seed=25 |G|=  1 avi_contains_true=True srgb_exact=True t=0.009s
feynman_I.12.1       sigma=0.01  seed=26 |G|=  1 avi_contains_true=True srgb_exact=True t=0.010s
feynman_I.12.1       sigma=0.01  seed=27 |G|=  1 avi_contains_true=True srgb_exact=True t=0.017s
feynman_I.12.1       sigma=0.01  seed=28 |G|=  1 avi_contains_true=True srgb_exact=True t=0.016s
feynman_I.12.1       sigma=0.01  seed=29 |G|=  1 avi_contains_true=True srgb_exact=True t=0.010s
feynman_I.12.1       sigma=0.02  seed=0 |G|=  1 avi_contains_true=True srgb_exact=True t=0.009s
feynman_I.12.1       sigma=0.02  seed=1 |G|=  1 avi_contains_true=True srgb_exact=True t=0.023s
feynman_I.12.1       sigma=0.02  seed=2 |G|=  1 avi_contains_true=True srgb_exact=True t=0.033s
feynman_I.12.1       sigma=0.02  seed=3 |G|=  1 avi_contains_true=True srgb_exact=True t=0.010s
feynman_I.12.1       sigma=0.02  seed=4 |G|=  1 avi_contains_true=True srgb_exact=True t=0.020s
feynman_I.12.1       sigma=0.02  seed=5 |G|=  1 avi_contains_true=True srgb_exact=True t=0.014s
feynman_I.12.1       sigma=0.02  seed=6 |G|=  1 avi_contains_true=True srgb_exact=True t=0.013s
feynman_I.12.1       sigma=0.02  seed=7 |G|=  1 avi_contains_true=True srgb_exact=True t=0.019s
feynman_I.12.1       sigma=0.02  seed=8 |G|=  1 avi_contains_true=True srgb_exact=True t=0.012s
feynman_I.12.1       sigma=0.02  seed=9 |G|=  1 avi_contains_true=True srgb_exact=True t=0.036s
feynman_I.12.1       sigma=0.02  seed=10 |G|=  1 avi_contains_true=True srgb_exact=True t=0.016s
feynman_I.12.1       sigma=0.02  seed=11 |G|=  1 avi_contains_true=True srgb_exact=True t=0.010s
feynman_I.12.1       sigma=0.02  seed=12 |G|=  1 avi_contains_true=True srgb_exact=True t=0.011s
feynman_I.12.1       sigma=0.02  seed=13 |G|=  1 avi_contains_true=True srgb_exact=True t=0.040s
feynman_I.12.1       sigma=0.02  seed=14 |G|=  1 avi_contains_true=True srgb_exact=True t=0.039s
feynman_I.12.1       sigma=0.02  seed=15 |G|=  1 avi_contains_true=True srgb_exact=True t=0.010s
feynman_I.12.1       sigma=0.02  seed=16 |G|=  1 avi_contains_true=True srgb_exact=True t=0.016s
feynman_I.12.1       sigma=0.02  seed=17 |G|=  1 avi_contains_true=True srgb_exact=True t=0.010s
feynman_I.12.1       sigma=0.02  seed=18 |G|=  1 avi_contains_true=True srgb_exact=True t=0.019s
feynman_I.12.1       sigma=0.02  seed=19 |G|=  1 avi_contains_true=True srgb_exact=True t=0.010s
feynman_I.12.1       sigma=0.02  seed=20 |G|=  1 avi_contains_true=True srgb_exact=True t=0.019s
feynman_I.12.1       sigma=0.02  seed=21 |G|=  1 avi_contains_true=True srgb_exact=True t=0.015s
feynman_I.12.1       sigma=0.02  seed=22 |G|=  1 avi_contains_true=True srgb_exact=True t=0.036s
feynman_I.12.1       sigma=0.02  seed=23 |G|=  1 avi_contains_true=True srgb_exact=True t=0.010s
feynman_I.12.1       sigma=0.02  seed=24 |G|=  1 avi_contains_true=True srgb_exact=True t=0.042s
feynman_I.12.1       sigma=0.02  seed=25 |G|=  1 avi_contains_true=True srgb_exact=True t=0.037s
feynman_I.12.1       sigma=0.02  seed=26 |G|=  1 avi_contains_true=True srgb_exact=True t=0.011s
feynman_I.12.1       sigma=0.02  seed=27 |G|=  1 avi_contains_true=True srgb_exact=True t=0.015s
feynman_I.12.1       sigma=0.02  seed=28 |G|=  1 avi_contains_true=True srgb_exact=True t=0.013s
feynman_I.12.1       sigma=0.02  seed=29 |G|=  1 avi_contains_true=True srgb_exact=True t=0.009s
feynman_I.12.3       sigma=0.0   seed=0 |G|=  1 avi_contains_true=True srgb_exact=True t=0.363s
feynman_I.12.3       sigma=0.0   seed=1 |G|=  1 avi_contains_true=True srgb_exact=True t=0.382s
feynman_I.12.3       sigma=0.0   seed=2 |G|=  1 avi_contains_true=True srgb_exact=True t=0.327s
feynman_I.12.3       sigma=0.0   seed=3 |G|=  1 avi_contains_true=True srgb_exact=True t=0.349s
feynman_I.12.3       sigma=0.0   seed=4 |G|=  1 avi_contains_true=True srgb_exact=True t=0.412s
feynman_I.12.3       sigma=0.0   seed=5 |G|=  1 avi_contains_true=True srgb_exact=True t=1.008s
feynman_I.12.3       sigma=0.0   seed=6 |G|=  1 avi_contains_true=True srgb_exact=True t=1.283s
feynman_I.12.3       sigma=0.0   seed=7 |G|=  1 avi_contains_true=True srgb_exact=True t=1.599s
feynman_I.12.3       sigma=0.0   seed=8 |G|=  1 avi_contains_true=True srgb_exact=True t=0.860s
feynman_I.12.3       sigma=0.0   seed=9 |G|=  1 avi_contains_true=True srgb_exact=True t=0.319s
feynman_I.12.3       sigma=0.0   seed=10 |G|=  1 avi_contains_true=True srgb_exact=True t=0.341s
feynman_I.12.3       sigma=0.0   seed=11 |G|=  1 avi_contains_true=True srgb_exact=True t=0.362s
feynman_I.12.3       sigma=0.0   seed=12 |G|=  1 avi_contains_true=True srgb_exact=True t=0.330s
feynman_I.12.3       sigma=0.0   seed=13 |G|=  1 avi_contains_true=True srgb_exact=True t=0.380s
feynman_I.12.3       sigma=0.0   seed=14 |G|=  1 avi_contains_true=True srgb_exact=True t=0.339s
feynman_I.12.3       sigma=0.0   seed=15 |G|=  1 avi_contains_true=True srgb_exact=True t=0.332s
feynman_I.12.3       sigma=0.0   seed=16 |G|=  1 avi_contains_true=True srgb_exact=True t=0.346s
feynman_I.12.3       sigma=0.0   seed=17 |G|=  1 avi_contains_true=True srgb_exact=True t=0.334s
feynman_I.12.3       sigma=0.0   seed=18 |G|=  1 avi_contains_true=True srgb_exact=True t=0.335s
feynman_I.12.3       sigma=0.0   seed=19 |G|=  1 avi_contains_true=True srgb_exact=True t=0.328s
feynman_I.12.3       sigma=0.0   seed=20 |G|=  1 avi_contains_true=True srgb_exact=True t=0.387s
feynman_I.12.3       sigma=0.0   seed=21 |G|=  1 avi_contains_true=True srgb_exact=True t=0.330s
feynman_I.12.3       sigma=0.0   seed=22 |G|=  1 avi_contains_true=True srgb_exact=True t=0.401s
feynman_I.12.3       sigma=0.0   seed=23 |G|=  1 avi_contains_true=True srgb_exact=True t=0.344s
feynman_I.12.3       sigma=0.0   seed=24 |G|=  1 avi_contains_true=True srgb_exact=True t=0.389s
feynman_I.12.3       sigma=0.0   seed=25 |G|=  1 avi_contains_true=True srgb_exact=True t=0.331s
feynman_I.12.3       sigma=0.0   seed=26 |G|=  1 avi_contains_true=True srgb_exact=True t=0.341s
feynman_I.12.3       sigma=0.0   seed=27 |G|=  1 avi_contains_true=True srgb_exact=True t=0.346s
feynman_I.12.3       sigma=0.0   seed=28 |G|=  1 avi_contains_true=True srgb_exact=True t=0.321s
feynman_I.12.3       sigma=0.0   seed=29 |G|=  1 avi_contains_true=True srgb_exact=True t=0.373s
feynman_I.12.3       sigma=0.01  seed=0 |G|=  9 avi_contains_true=False srgb_exact=False t=0.619s
feynman_I.12.3       sigma=0.01  seed=1 |G|=  9 avi_contains_true=False srgb_exact=False t=0.280s
feynman_I.12.3       sigma=0.01  seed=2 |G|=  9 avi_contains_true=False srgb_exact=False t=0.306s
feynman_I.12.3       sigma=0.01  seed=3 |G|=  9 avi_contains_true=False srgb_exact=False t=1.019s
feynman_I.12.3       sigma=0.01  seed=4 |G|=  9 avi_contains_true=False srgb_exact=False t=0.313s
feynman_I.12.3       sigma=0.01  seed=5 |G|=  9 avi_contains_true=False srgb_exact=False t=0.276s
feynman_I.12.3       sigma=0.01  seed=6 |G|=  9 avi_contains_true=False srgb_exact=False t=0.287s
feynman_I.12.3       sigma=0.01  seed=7 |G|=  9 avi_contains_true=False srgb_exact=False t=0.273s
feynman_I.12.3       sigma=0.01  seed=8 |G|=  9 avi_contains_true=False srgb_exact=False t=1.854s
feynman_I.12.3       sigma=0.01  seed=9 |G|=  9 avi_contains_true=False srgb_exact=False t=0.317s
feynman_I.12.3       sigma=0.01  seed=10 |G|=  9 avi_contains_true=False srgb_exact=False t=1.510s
feynman_I.12.3       sigma=0.01  seed=11 |G|=  9 avi_contains_true=False srgb_exact=False t=0.275s
feynman_I.12.3       sigma=0.01  seed=12 |G|=  9 avi_contains_true=False srgb_exact=False t=0.284s
feynman_I.12.3       sigma=0.01  seed=13 |G|= 10 avi_contains_true=False srgb_exact=False t=0.542s
feynman_I.12.3       sigma=0.01  seed=14 |G|=  9 avi_contains_true=False srgb_exact=False t=0.273s
feynman_I.12.3       sigma=0.01  seed=15 |G|=  9 avi_contains_true=False srgb_exact=False t=1.374s
feynman_I.12.3       sigma=0.01  seed=16 |G|=  9 avi_contains_true=False srgb_exact=False t=0.297s
feynman_I.12.3       sigma=0.01  seed=17 |G|=  9 avi_contains_true=False srgb_exact=False t=0.291s
feynman_I.12.3       sigma=0.01  seed=18 |G|=  9 avi_contains_true=False srgb_exact=False t=0.297s
feynman_I.12.3       sigma=0.01  seed=19 |G|=  9 avi_contains_true=False srgb_exact=False t=0.271s
feynman_I.12.3       sigma=0.01  seed=20 |G|=  9 avi_contains_true=False srgb_exact=False t=1.725s
feynman_I.12.3       sigma=0.01  seed=21 |G|=  9 avi_contains_true=False srgb_exact=False t=0.259s
feynman_I.12.3       sigma=0.01  seed=22 |G|= 10 avi_contains_true=False srgb_exact=False t=0.303s
feynman_I.12.3       sigma=0.01  seed=23 |G|=  9 avi_contains_true=False srgb_exact=False t=0.296s
feynman_I.12.3       sigma=0.01  seed=24 |G|=  9 avi_contains_true=False srgb_exact=False t=0.287s
feynman_I.12.3       sigma=0.01  seed=25 |G|=  9 avi_contains_true=False srgb_exact=False t=1.032s
feynman_I.12.3       sigma=0.01  seed=26 |G|=  9 avi_contains_true=False srgb_exact=False t=0.268s
feynman_I.12.3       sigma=0.01  seed=27 |G|=  9 avi_contains_true=False srgb_exact=False t=0.346s
feynman_I.12.3       sigma=0.01  seed=28 |G|=  9 avi_contains_true=False srgb_exact=False t=0.271s
feynman_I.12.3       sigma=0.01  seed=29 |G|=  9 avi_contains_true=False srgb_exact=False t=0.266s
feynman_I.12.3       sigma=0.02  seed=0 |G|= 10 avi_contains_true=False srgb_exact=False t=1.262s
feynman_I.12.3       sigma=0.02  seed=1 |G|= 10 avi_contains_true=False srgb_exact=False t=0.287s
feynman_I.12.3       sigma=0.02  seed=2 |G|= 10 avi_contains_true=False srgb_exact=False t=0.313s
feynman_I.12.3       sigma=0.02  seed=3 |G|= 10 avi_contains_true=False srgb_exact=False t=0.293s
feynman_I.12.3       sigma=0.02  seed=4 |G|= 10 avi_contains_true=False srgb_exact=False t=0.553s
feynman_I.12.3       sigma=0.02  seed=5 |G|= 10 avi_contains_true=False srgb_exact=False t=0.301s
feynman_I.12.3       sigma=0.02  seed=6 |G|= 10 avi_contains_true=False srgb_exact=False t=0.302s
feynman_I.12.3       sigma=0.02  seed=7 |G|= 10 avi_contains_true=False srgb_exact=False t=0.320s
feynman_I.12.3       sigma=0.02  seed=8 |G|= 11 avi_contains_true=False srgb_exact=False t=0.322s
feynman_I.12.3       sigma=0.02  seed=9 |G|= 12 avi_contains_true=False srgb_exact=False t=0.309s
feynman_I.12.3       sigma=0.02  seed=10 |G|= 10 avi_contains_true=False srgb_exact=False t=0.324s
feynman_I.12.3       sigma=0.02  seed=11 |G|= 10 avi_contains_true=False srgb_exact=False t=1.051s
feynman_I.12.3       sigma=0.02  seed=12 |G|= 10 avi_contains_true=False srgb_exact=False t=0.356s
feynman_I.12.3       sigma=0.02  seed=13 |G|= 10 avi_contains_true=False srgb_exact=False t=2.016s
feynman_I.12.3       sigma=0.02  seed=14 |G|= 10 avi_contains_true=False srgb_exact=False t=0.308s
feynman_I.12.3       sigma=0.02  seed=15 |G|= 12 avi_contains_true=False srgb_exact=False t=1.129s
feynman_I.12.3       sigma=0.02  seed=16 |G|= 10 avi_contains_true=False srgb_exact=False t=0.317s
feynman_I.12.3       sigma=0.02  seed=17 |G|= 10 avi_contains_true=False srgb_exact=False t=0.308s
feynman_I.12.3       sigma=0.02  seed=18 |G|= 10 avi_contains_true=False srgb_exact=False t=0.322s
feynman_I.12.3       sigma=0.02  seed=19 |G|= 10 avi_contains_true=False srgb_exact=False t=0.304s
feynman_I.12.3       sigma=0.02  seed=20 |G|= 10 avi_contains_true=False srgb_exact=False t=0.337s
feynman_I.12.3       sigma=0.02  seed=21 |G|= 10 avi_contains_true=False srgb_exact=False t=0.338s
feynman_I.12.3       sigma=0.02  seed=22 |G|= 10 avi_contains_true=False srgb_exact=False t=0.320s
feynman_I.12.3       sigma=0.02  seed=23 |G|= 10 avi_contains_true=False srgb_exact=False t=0.307s
feynman_I.12.3       sigma=0.02  seed=24 |G|= 10 avi_contains_true=False srgb_exact=False t=0.361s
feynman_I.12.3       sigma=0.02  seed=25 |G|= 10 avi_contains_true=False srgb_exact=False t=0.300s
feynman_I.12.3       sigma=0.02  seed=26 |G|= 11 avi_contains_true=False srgb_exact=False t=0.339s
feynman_I.12.3       sigma=0.02  seed=27 |G|= 10 avi_contains_true=False srgb_exact=False t=0.311s
feynman_I.12.3       sigma=0.02  seed=28 |G|= 10 avi_contains_true=False srgb_exact=False t=0.305s
feynman_I.12.3       sigma=0.02  seed=29 |G|= 10 avi_contains_true=False srgb_exact=False t=0.310s
feynman_I.18.4       sigma=0.0   seed=0 |G|=  1 avi_contains_true=True srgb_exact=True t=0.038s
feynman_I.18.4       sigma=0.0   seed=1 |G|=  1 avi_contains_true=True srgb_exact=True t=0.053s
feynman_I.18.4       sigma=0.0   seed=2 |G|=  1 avi_contains_true=True srgb_exact=True t=0.046s
feynman_I.18.4       sigma=0.0   seed=3 |G|=  1 avi_contains_true=True srgb_exact=True t=0.082s
feynman_I.18.4       sigma=0.0   seed=4 |G|=  1 avi_contains_true=True srgb_exact=True t=0.136s
feynman_I.18.4       sigma=0.0   seed=5 |G|=  1 avi_contains_true=True srgb_exact=True t=0.521s
feynman_I.18.4       sigma=0.0   seed=6 |G|=  1 avi_contains_true=True srgb_exact=True t=0.081s
feynman_I.18.4       sigma=0.0   seed=7 |G|=  1 avi_contains_true=True srgb_exact=True t=0.514s
feynman_I.18.4       sigma=0.0   seed=8 |G|=  1 avi_contains_true=True srgb_exact=True t=0.131s
feynman_I.18.4       sigma=0.0   seed=9 |G|=  1 avi_contains_true=True srgb_exact=True t=0.075s
feynman_I.18.4       sigma=0.0   seed=10 |G|=  1 avi_contains_true=True srgb_exact=True t=0.347s
feynman_I.18.4       sigma=0.0   seed=11 |G|=  1 avi_contains_true=True srgb_exact=True t=0.080s
feynman_I.18.4       sigma=0.0   seed=12 |G|=  1 avi_contains_true=True srgb_exact=True t=0.440s
feynman_I.18.4       sigma=0.0   seed=13 |G|=  1 avi_contains_true=True srgb_exact=True t=0.340s
feynman_I.18.4       sigma=0.0   seed=14 |G|=  1 avi_contains_true=True srgb_exact=True t=0.296s
feynman_I.18.4       sigma=0.0   seed=15 |G|=  1 avi_contains_true=True srgb_exact=True t=0.060s
feynman_I.18.4       sigma=0.0   seed=16 |G|=  1 avi_contains_true=True srgb_exact=True t=0.036s
feynman_I.18.4       sigma=0.0   seed=17 |G|=  1 avi_contains_true=True srgb_exact=True t=0.072s
feynman_I.18.4       sigma=0.0   seed=18 |G|=  1 avi_contains_true=True srgb_exact=True t=0.066s
feynman_I.18.4       sigma=0.0   seed=19 |G|=  1 avi_contains_true=True srgb_exact=True t=0.073s
feynman_I.18.4       sigma=0.0   seed=20 |G|=  1 avi_contains_true=True srgb_exact=True t=0.040s
feynman_I.18.4       sigma=0.0   seed=21 |G|=  1 avi_contains_true=True srgb_exact=True t=0.045s
feynman_I.18.4       sigma=0.0   seed=22 |G|=  1 avi_contains_true=True srgb_exact=True t=0.048s
feynman_I.18.4       sigma=0.0   seed=23 |G|=  1 avi_contains_true=True srgb_exact=True t=0.051s
feynman_I.18.4       sigma=0.0   seed=24 |G|=  1 avi_contains_true=True srgb_exact=True t=0.063s
feynman_I.18.4       sigma=0.0   seed=25 |G|=  1 avi_contains_true=True srgb_exact=True t=0.064s
feynman_I.18.4       sigma=0.0   seed=26 |G|=  1 avi_contains_true=True srgb_exact=True t=0.064s
feynman_I.18.4       sigma=0.0   seed=27 |G|=  1 avi_contains_true=True srgb_exact=True t=0.037s
feynman_I.18.4       sigma=0.0   seed=28 |G|=  1 avi_contains_true=True srgb_exact=True t=0.054s
feynman_I.18.4       sigma=0.0   seed=29 |G|=  1 avi_contains_true=True srgb_exact=True t=0.061s
feynman_I.18.4       sigma=0.01  seed=0 |G|=  1 avi_contains_true=True srgb_exact=True t=0.090s
feynman_I.18.4       sigma=0.01  seed=1 |G|=  1 avi_contains_true=True srgb_exact=True t=0.037s
feynman_I.18.4       sigma=0.01  seed=2 |G|=  1 avi_contains_true=True srgb_exact=True t=0.052s
feynman_I.18.4       sigma=0.01  seed=3 |G|=  1 avi_contains_true=True srgb_exact=True t=0.072s
feynman_I.18.4       sigma=0.01  seed=4 |G|=  1 avi_contains_true=True srgb_exact=True t=0.046s
feynman_I.18.4       sigma=0.01  seed=5 |G|=  1 avi_contains_true=True srgb_exact=True t=0.064s
feynman_I.18.4       sigma=0.01  seed=6 |G|=  1 avi_contains_true=True srgb_exact=True t=0.052s
feynman_I.18.4       sigma=0.01  seed=7 |G|=  1 avi_contains_true=True srgb_exact=True t=0.053s
feynman_I.18.4       sigma=0.01  seed=8 |G|=  1 avi_contains_true=True srgb_exact=True t=0.051s
feynman_I.18.4       sigma=0.01  seed=9 |G|=  1 avi_contains_true=True srgb_exact=True t=0.035s
feynman_I.18.4       sigma=0.01  seed=10 |G|=  1 avi_contains_true=True srgb_exact=True t=0.074s
feynman_I.18.4       sigma=0.01  seed=11 |G|=  1 avi_contains_true=True srgb_exact=True t=0.074s
feynman_I.18.4       sigma=0.01  seed=12 |G|=  1 avi_contains_true=True srgb_exact=True t=0.043s
feynman_I.18.4       sigma=0.01  seed=13 |G|=  1 avi_contains_true=True srgb_exact=True t=0.078s
feynman_I.18.4       sigma=0.01  seed=14 |G|=  1 avi_contains_true=True srgb_exact=True t=0.068s
feynman_I.18.4       sigma=0.01  seed=15 |G|=  1 avi_contains_true=True srgb_exact=True t=0.075s
feynman_I.18.4       sigma=0.01  seed=16 |G|=  1 avi_contains_true=True srgb_exact=True t=0.085s
feynman_I.18.4       sigma=0.01  seed=17 |G|=  1 avi_contains_true=True srgb_exact=True t=0.056s
feynman_I.18.4       sigma=0.01  seed=18 |G|=  1 avi_contains_true=True srgb_exact=True t=0.052s
feynman_I.18.4       sigma=0.01  seed=19 |G|=  1 avi_contains_true=True srgb_exact=True t=0.043s
feynman_I.18.4       sigma=0.01  seed=20 |G|=  1 avi_contains_true=True srgb_exact=True t=0.066s
feynman_I.18.4       sigma=0.01  seed=21 |G|=  1 avi_contains_true=True srgb_exact=True t=0.059s
feynman_I.18.4       sigma=0.01  seed=22 |G|=  1 avi_contains_true=True srgb_exact=True t=0.055s
feynman_I.18.4       sigma=0.01  seed=23 |G|=  1 avi_contains_true=True srgb_exact=True t=0.075s
feynman_I.18.4       sigma=0.01  seed=24 |G|=  1 avi_contains_true=True srgb_exact=True t=0.084s
feynman_I.18.4       sigma=0.01  seed=25 |G|=  1 avi_contains_true=True srgb_exact=True t=0.074s
feynman_I.18.4       sigma=0.01  seed=26 |G|=  1 avi_contains_true=True srgb_exact=True t=0.060s
feynman_I.18.4       sigma=0.01  seed=27 |G|=  1 avi_contains_true=True srgb_exact=True t=0.046s
feynman_I.18.4       sigma=0.01  seed=28 |G|=  1 avi_contains_true=True srgb_exact=True t=0.050s
feynman_I.18.4       sigma=0.01  seed=29 |G|=  1 avi_contains_true=True srgb_exact=True t=0.083s
feynman_I.18.4       sigma=0.02  seed=0 |G|=  1 avi_contains_true=True srgb_exact=True t=0.062s
feynman_I.18.4       sigma=0.02  seed=1 |G|=  1 avi_contains_true=True srgb_exact=True t=0.056s
feynman_I.18.4       sigma=0.02  seed=2 |G|=  1 avi_contains_true=True srgb_exact=True t=0.041s
feynman_I.18.4       sigma=0.02  seed=3 |G|=  1 avi_contains_true=True srgb_exact=True t=0.041s
feynman_I.18.4       sigma=0.02  seed=4 |G|=  1 avi_contains_true=True srgb_exact=True t=0.081s
feynman_I.18.4       sigma=0.02  seed=5 |G|=  1 avi_contains_true=True srgb_exact=True t=0.076s
feynman_I.18.4       sigma=0.02  seed=6 |G|=  1 avi_contains_true=True srgb_exact=True t=0.077s
feynman_I.18.4       sigma=0.02  seed=7 |G|=  1 avi_contains_true=True srgb_exact=True t=0.092s
feynman_I.18.4       sigma=0.02  seed=8 |G|=  1 avi_contains_true=True srgb_exact=True t=0.034s
feynman_I.18.4       sigma=0.02  seed=9 |G|=  1 avi_contains_true=True srgb_exact=True t=0.078s
feynman_I.18.4       sigma=0.02  seed=10 |G|=  1 avi_contains_true=True srgb_exact=True t=0.067s
feynman_I.18.4       sigma=0.02  seed=11 |G|=  1 avi_contains_true=True srgb_exact=True t=0.244s
feynman_I.18.4       sigma=0.02  seed=12 |G|=  1 avi_contains_true=True srgb_exact=True t=0.509s
feynman_I.18.4       sigma=0.02  seed=13 |G|=  1 avi_contains_true=True srgb_exact=True t=0.509s
feynman_I.18.4       sigma=0.02  seed=14 |G|=  1 avi_contains_true=True srgb_exact=True t=0.134s
feynman_I.18.4       sigma=0.02  seed=15 |G|=  1 avi_contains_true=True srgb_exact=True t=0.148s
feynman_I.18.4       sigma=0.02  seed=16 |G|=  1 avi_contains_true=True srgb_exact=True t=0.068s
feynman_I.18.4       sigma=0.02  seed=17 |G|=  1 avi_contains_true=True srgb_exact=True t=0.076s
feynman_I.18.4       sigma=0.02  seed=18 |G|=  1 avi_contains_true=True srgb_exact=True t=0.137s
feynman_I.18.4       sigma=0.02  seed=19 |G|=  1 avi_contains_true=True srgb_exact=True t=0.509s
feynman_I.18.4       sigma=0.02  seed=20 |G|=  1 avi_contains_true=True srgb_exact=True t=0.326s
feynman_I.18.4       sigma=0.02  seed=21 |G|=  1 avi_contains_true=True srgb_exact=True t=0.308s
feynman_I.18.4       sigma=0.02  seed=22 |G|=  1 avi_contains_true=True srgb_exact=True t=0.056s
feynman_I.18.4       sigma=0.02  seed=23 |G|=  1 avi_contains_true=True srgb_exact=True t=0.081s
feynman_I.18.4       sigma=0.02  seed=24 |G|=  1 avi_contains_true=True srgb_exact=True t=0.032s
feynman_I.18.4       sigma=0.02  seed=25 |G|=  1 avi_contains_true=True srgb_exact=True t=0.049s
feynman_I.18.4       sigma=0.02  seed=26 |G|=  1 avi_contains_true=True srgb_exact=True t=0.089s
feynman_I.18.4       sigma=0.02  seed=27 |G|=  1 avi_contains_true=True srgb_exact=True t=0.048s
feynman_I.18.4       sigma=0.02  seed=28 |G|=  1 avi_contains_true=True srgb_exact=True t=0.049s
feynman_I.18.4       sigma=0.02  seed=29 |G|=  1 avi_contains_true=True srgb_exact=True t=0.050s
feynman_I.9.18       sigma=0.0   seed=0 |G|=  1 avi_contains_true=True srgb_exact=True t=0.009s
feynman_I.9.18       sigma=0.0   seed=1 |G|=  1 avi_contains_true=True srgb_exact=True t=0.036s
feynman_I.9.18       sigma=0.0   seed=2 |G|=  1 avi_contains_true=True srgb_exact=True t=0.009s
feynman_I.9.18       sigma=0.0   seed=3 |G|=  1 avi_contains_true=True srgb_exact=True t=0.010s
feynman_I.9.18       sigma=0.0   seed=4 |G|=  1 avi_contains_true=True srgb_exact=True t=0.009s
feynman_I.9.18       sigma=0.0   seed=5 |G|=  1 avi_contains_true=True srgb_exact=True t=0.020s
feynman_I.9.18       sigma=0.0   seed=6 |G|=  1 avi_contains_true=True srgb_exact=True t=0.008s
feynman_I.9.18       sigma=0.0   seed=7 |G|=  1 avi_contains_true=True srgb_exact=True t=0.051s
feynman_I.9.18       sigma=0.0   seed=8 |G|=  1 avi_contains_true=True srgb_exact=True t=0.048s
feynman_I.9.18       sigma=0.0   seed=9 |G|=  1 avi_contains_true=True srgb_exact=True t=0.008s
feynman_I.9.18       sigma=0.0   seed=10 |G|=  1 avi_contains_true=True srgb_exact=True t=0.009s
feynman_I.9.18       sigma=0.0   seed=11 |G|=  1 avi_contains_true=True srgb_exact=True t=0.009s
feynman_I.9.18       sigma=0.0   seed=12 |G|=  1 avi_contains_true=True srgb_exact=True t=0.014s
feynman_I.9.18       sigma=0.0   seed=13 |G|=  1 avi_contains_true=True srgb_exact=True t=0.011s
feynman_I.9.18       sigma=0.0   seed=14 |G|=  1 avi_contains_true=True srgb_exact=True t=0.009s
feynman_I.9.18       sigma=0.0   seed=15 |G|=  1 avi_contains_true=True srgb_exact=True t=0.010s
feynman_I.9.18       sigma=0.0   seed=16 |G|=  1 avi_contains_true=True srgb_exact=True t=0.044s
feynman_I.9.18       sigma=0.0   seed=17 |G|=  1 avi_contains_true=True srgb_exact=True t=0.008s
feynman_I.9.18       sigma=0.0   seed=18 |G|=  1 avi_contains_true=True srgb_exact=True t=0.011s
feynman_I.9.18       sigma=0.0   seed=19 |G|=  1 avi_contains_true=True srgb_exact=True t=0.008s
feynman_I.9.18       sigma=0.0   seed=20 |G|=  1 avi_contains_true=True srgb_exact=True t=0.045s
feynman_I.9.18       sigma=0.0   seed=21 |G|=  1 avi_contains_true=True srgb_exact=True t=0.008s
feynman_I.9.18       sigma=0.0   seed=22 |G|=  1 avi_contains_true=True srgb_exact=True t=0.046s
feynman_I.9.18       sigma=0.0   seed=23 |G|=  1 avi_contains_true=True srgb_exact=True t=0.011s
feynman_I.9.18       sigma=0.0   seed=24 |G|=  1 avi_contains_true=True srgb_exact=True t=0.012s
feynman_I.9.18       sigma=0.0   seed=25 |G|=  1 avi_contains_true=True srgb_exact=True t=0.026s
feynman_I.9.18       sigma=0.0   seed=26 |G|=  1 avi_contains_true=True srgb_exact=True t=0.012s
feynman_I.9.18       sigma=0.0   seed=27 |G|=  1 avi_contains_true=True srgb_exact=True t=0.008s
feynman_I.9.18       sigma=0.0   seed=28 |G|=  1 avi_contains_true=True srgb_exact=True t=0.011s
feynman_I.9.18       sigma=0.0   seed=29 |G|=  1 avi_contains_true=True srgb_exact=True t=0.011s
feynman_I.9.18       sigma=0.01  seed=0 |G|=  1 avi_contains_true=True srgb_exact=True t=0.009s
feynman_I.9.18       sigma=0.01  seed=1 |G|=  1 avi_contains_true=True srgb_exact=True t=0.023s
feynman_I.9.18       sigma=0.01  seed=2 |G|=  1 avi_contains_true=True srgb_exact=True t=0.012s
feynman_I.9.18       sigma=0.01  seed=3 |G|=  1 avi_contains_true=True srgb_exact=True t=0.012s
feynman_I.9.18       sigma=0.01  seed=4 |G|=  1 avi_contains_true=True srgb_exact=True t=0.009s
feynman_I.9.18       sigma=0.01  seed=5 |G|=  1 avi_contains_true=True srgb_exact=True t=0.011s
feynman_I.9.18       sigma=0.01  seed=6 |G|=  1 avi_contains_true=True srgb_exact=True t=0.014s
feynman_I.9.18       sigma=0.01  seed=7 |G|=  1 avi_contains_true=True srgb_exact=True t=0.012s
feynman_I.9.18       sigma=0.01  seed=8 |G|=  1 avi_contains_true=True srgb_exact=True t=0.010s
feynman_I.9.18       sigma=0.01  seed=9 |G|=  1 avi_contains_true=True srgb_exact=True t=0.042s
feynman_I.9.18       sigma=0.01  seed=10 |G|=  1 avi_contains_true=True srgb_exact=True t=0.013s
feynman_I.9.18       sigma=0.01  seed=11 |G|=  1 avi_contains_true=True srgb_exact=True t=0.011s
feynman_I.9.18       sigma=0.01  seed=12 |G|=  1 avi_contains_true=True srgb_exact=True t=0.014s
feynman_I.9.18       sigma=0.01  seed=13 |G|=  1 avi_contains_true=True srgb_exact=True t=0.009s
feynman_I.9.18       sigma=0.01  seed=14 |G|=  1 avi_contains_true=True srgb_exact=True t=0.009s
feynman_I.9.18       sigma=0.01  seed=15 |G|=  1 avi_contains_true=True srgb_exact=True t=0.009s
feynman_I.9.18       sigma=0.01  seed=16 |G|=  1 avi_contains_true=True srgb_exact=True t=0.014s
feynman_I.9.18       sigma=0.01  seed=17 |G|=  1 avi_contains_true=True srgb_exact=True t=0.012s
feynman_I.9.18       sigma=0.01  seed=18 |G|=  1 avi_contains_true=True srgb_exact=True t=0.013s
feynman_I.9.18       sigma=0.01  seed=19 |G|=  1 avi_contains_true=True srgb_exact=True t=0.014s
feynman_I.9.18       sigma=0.01  seed=20 |G|=  1 avi_contains_true=True srgb_exact=True t=0.013s
feynman_I.9.18       sigma=0.01  seed=21 |G|=  1 avi_contains_true=True srgb_exact=True t=0.008s
feynman_I.9.18       sigma=0.01  seed=22 |G|=  1 avi_contains_true=True srgb_exact=True t=0.009s
feynman_I.9.18       sigma=0.01  seed=23 |G|=  1 avi_contains_true=True srgb_exact=True t=0.012s
feynman_I.9.18       sigma=0.01  seed=24 |G|=  1 avi_contains_true=True srgb_exact=True t=0.011s
feynman_I.9.18       sigma=0.01  seed=25 |G|=  1 avi_contains_true=True srgb_exact=True t=0.020s
feynman_I.9.18       sigma=0.01  seed=26 |G|=  1 avi_contains_true=True srgb_exact=True t=0.012s
feynman_I.9.18       sigma=0.01  seed=27 |G|=  1 avi_contains_true=True srgb_exact=True t=0.011s
feynman_I.9.18       sigma=0.01  seed=28 |G|=  1 avi_contains_true=True srgb_exact=True t=0.044s
feynman_I.9.18       sigma=0.01  seed=29 |G|=  1 avi_contains_true=True srgb_exact=True t=0.010s
feynman_I.9.18       sigma=0.02  seed=0 |G|=  1 avi_contains_true=True srgb_exact=True t=0.009s
feynman_I.9.18       sigma=0.02  seed=1 |G|=  1 avi_contains_true=True srgb_exact=True t=0.011s
feynman_I.9.18       sigma=0.02  seed=2 |G|=  1 avi_contains_true=True srgb_exact=True t=0.009s
feynman_I.9.18       sigma=0.02  seed=3 |G|=  1 avi_contains_true=True srgb_exact=True t=0.015s
feynman_I.9.18       sigma=0.02  seed=4 |G|=  1 avi_contains_true=True srgb_exact=True t=0.009s
feynman_I.9.18       sigma=0.02  seed=5 |G|=  1 avi_contains_true=False srgb_exact=True t=0.009s
feynman_I.9.18       sigma=0.02  seed=6 |G|=  1 avi_contains_true=True srgb_exact=True t=0.008s
feynman_I.9.18       sigma=0.02  seed=7 |G|=  1 avi_contains_true=True srgb_exact=True t=0.013s
feynman_I.9.18       sigma=0.02  seed=8 |G|=  1 avi_contains_true=True srgb_exact=True t=0.044s
feynman_I.9.18       sigma=0.02  seed=9 |G|=  1 avi_contains_true=True srgb_exact=True t=0.047s
feynman_I.9.18       sigma=0.02  seed=10 |G|=  1 avi_contains_true=True srgb_exact=True t=0.047s
feynman_I.9.18       sigma=0.02  seed=11 |G|=  1 avi_contains_true=True srgb_exact=True t=0.056s
feynman_I.9.18       sigma=0.02  seed=12 |G|=  1 avi_contains_true=True srgb_exact=True t=0.020s
feynman_I.9.18       sigma=0.02  seed=13 |G|=  1 avi_contains_true=True srgb_exact=True t=0.049s
feynman_I.9.18       sigma=0.02  seed=14 |G|=  1 avi_contains_true=True srgb_exact=True t=0.044s
feynman_I.9.18       sigma=0.02  seed=15 |G|=  1 avi_contains_true=True srgb_exact=True t=0.017s
feynman_I.9.18       sigma=0.02  seed=16 |G|=  1 avi_contains_true=True srgb_exact=True t=0.016s
feynman_I.9.18       sigma=0.02  seed=17 |G|=  1 avi_contains_true=True srgb_exact=True t=0.047s
feynman_I.9.18       sigma=0.02  seed=18 |G|=  1 avi_contains_true=True srgb_exact=True t=0.048s
feynman_I.9.18       sigma=0.02  seed=19 |G|=  1 avi_contains_true=True srgb_exact=True t=0.049s
feynman_I.9.18       sigma=0.02  seed=20 |G|=  1 avi_contains_true=True srgb_exact=True t=0.014s
feynman_I.9.18       sigma=0.02  seed=21 |G|=  1 avi_contains_true=True srgb_exact=True t=0.058s
feynman_I.9.18       sigma=0.02  seed=22 |G|=  1 avi_contains_true=True srgb_exact=True t=0.047s
feynman_I.9.18       sigma=0.02  seed=23 |G|=  1 avi_contains_true=True srgb_exact=True t=0.016s
feynman_I.9.18       sigma=0.02  seed=24 |G|=  1 avi_contains_true=True srgb_exact=True t=0.036s
feynman_I.9.18       sigma=0.02  seed=25 |G|=  1 avi_contains_true=True srgb_exact=True t=0.053s
feynman_I.9.18       sigma=0.02  seed=26 |G|=  1 avi_contains_true=True srgb_exact=True t=0.014s
feynman_I.9.18       sigma=0.02  seed=27 |G|=  1 avi_contains_true=True srgb_exact=True t=0.015s
feynman_I.9.18       sigma=0.02  seed=28 |G|=  1 avi_contains_true=True srgb_exact=True t=0.009s
feynman_I.9.18       sigma=0.02  seed=29 |G|=  1 avi_contains_true=True srgb_exact=True t=0.013s

====================================================================================================
AVI Border Basis Baseline Summary
====================================================================================================
                 system  sigma  n_seeds  mean_avi_cardinality  avi_contains_true_rate  avi_contains_true_ci_low  avi_contains_true_ci_high  srgb_exact_rate  mean_avi_runtime_sec
                 circle   0.00       30              1.000000                1.000000                  0.886487                   1.000000              1.0              0.005985
                 circle   0.01       30              1.000000                1.000000                  0.886487                   1.000000              1.0              0.005023
                 circle   0.02       30              1.000000                1.000000                  0.886487                   1.000000              1.0              0.005617
           cubic_I.6.2b   0.00       30              1.000000                1.000000                  0.886487                   1.000000              1.0              0.008631
           cubic_I.6.2b   0.01       30              3.000000                0.000000                  0.000000                   0.113513              1.0              0.014915
           cubic_I.6.2b   0.02       30              3.000000                0.000000                  0.000000                   0.113513              1.0              0.009579
         feynman_I.12.1   0.00       30              1.000000                1.000000                  0.886487                   1.000000              1.0              0.017837
         feynman_I.12.1   0.01       30              1.000000                1.000000                  0.886487                   1.000000              1.0              0.018079
         feynman_I.12.1   0.02       30              1.000000                1.000000                  0.886487                   1.000000              1.0              0.019264
         feynman_I.12.3   0.00       30              1.000000                1.000000                  0.886487                   1.000000              1.0              0.463079
         feynman_I.12.3   0.01       30              9.066667                0.000000                  0.000000                   0.113513              0.0              0.533728
         feynman_I.12.3   0.02       30             10.200000                0.000000                  0.000000                   0.113513              0.0              0.464076
         feynman_I.15.1   0.00       30              1.000000                1.000000                  0.886487                   1.000000              1.0              0.184993
         feynman_I.15.1   0.01       30              2.833333                1.000000                  0.886487                   1.000000              1.0              0.435324
         feynman_I.15.1   0.02       30              7.000000                0.000000                  0.000000                   0.113513              1.0              0.233479
         feynman_I.18.4   0.00       30              1.000000                1.000000                  0.886487                   1.000000              1.0              0.133843
         feynman_I.18.4   0.01       30              1.000000                1.000000                  0.886487                   1.000000              1.0              0.061806
         feynman_I.18.4   0.02       30              1.000000                1.000000                  0.886487                   1.000000              1.0              0.137587
         feynman_I.9.18   0.00       30              1.000000                1.000000                  0.886487                   1.000000              1.0              0.017772
         feynman_I.9.18   0.01       30              1.000000                1.000000                  0.886487                   1.000000              1.0              0.014080
         feynman_I.9.18   0.02       30              1.000000                0.966667                  0.833296                   0.994091              1.0              0.027987
 harmonic_oscillator_2d   0.00       30              7.000000                0.000000                  0.000000                   0.113513              1.0              0.014842
 harmonic_oscillator_2d   0.01       30              5.166667                0.000000                  0.000000                   0.113513              0.0              0.019522
 harmonic_oscillator_2d   0.02       30              5.200000                0.000000                  0.000000                   0.113513              0.0              0.019708
kepler_angular_momentum   0.00       30              3.200000                1.000000                  0.886487                   1.000000              1.0              0.385785
kepler_angular_momentum   0.01       30             18.866667                0.000000                  0.000000                   0.113513              0.0              0.282535
kepler_angular_momentum   0.02       30             20.000000                0.000000                  0.000000                   0.113513              0.0              0.385176
                 sphere   0.00       30              1.000000                1.000000                  0.886487                   1.000000              1.0              0.017797
                 sphere   0.01       30              0.833333                0.833333                  0.664356                   0.926635              1.0              0.021144
                 sphere   0.02       30              0.866667                0.866667                  0.703187                   0.946903              1.0              0.029226

Results saved to Results/avi_baseline_results.csv and Results/avi_baseline_summary.csv
